
============================================================
IT 140 CODIO VIRTUAL DESKTOP UPDATE
============================================================
[INFO] Script version : 0.7.1-alpha.1
[INFO] Version DTG    : 2026-08-01-16-05
[INFO] Status         : Alpha Testing
[INFO] Current user   : ubuntu
[INFO] Purpose        : Maintain approved software and controlled course assets.
[INFO] Log file       : /home/ubuntu/it140/logs/update_cvd_20260801_202310.log
[NOTICE] Update will not upgrade Ubuntu to a different release.
[NOTICE] Keep this Terminal open until the final summary appears.
[INFO] Platform       : cvd / codio_cvd
[INFO] Operating system: Ubuntu 24.04.4 LTS
[INFO] Architecture   : amd64
[SUCCESS] Manifest release 0.7.0 (schema 2.2) validated.
[INFO] Downloading the current controlled manifest assets.
[INFO] Downloaded controlled pair validated: 0.7.0.
[INFO] The controlled manifest is already current.
[INFO] The manifest schema is already current.
[INFO] Refreshing Ubuntu package information.
Get:1 http://us-east-1.ec2.archive.ubuntu.com/ubuntu noble InRelease [256 kB]
Get:2 https://cli.github.com/packages stable InRelease [3917 B]
Get:3 https://dl.google.com/linux/chrome-stable/deb stable InRelease [2548 B]
Get:4 http://us-east-1.ec2.archive.ubuntu.com/ubuntu noble-updates InRelease [126 kB]
Get:5 http://us-east-1.ec2.archive.ubuntu.com/ubuntu noble-backports InRelease [126 kB]
Get:6 http://security.ubuntu.com/ubuntu noble-security InRelease [126 kB]
Get:7 https://packages.microsoft.com/repos/code stable InRelease [3590 B]
Get:8 http://us-east-1.ec2.archive.ubuntu.com/ubuntu noble/main amd64 Packages [1401 kB]
Get:9 http://us-east-1.ec2.archive.ubuntu.com/ubuntu noble/main Translation-en [513 kB]
Get:10 http://us-east-1.ec2.archive.ubuntu.com/ubuntu noble/main amd64 Components [464 kB]
Get:11 http://us-east-1.ec2.archive.ubuntu.com/ubuntu noble/main amd64 c-n-f Metadata [30.5 kB]
Get:12 http://us-east-1.ec2.archive.ubuntu.com/ubuntu noble/universe amd64 Packages [15.0 MB]
Get:13 https://cli.github.com/packages stable/main amd64 Packages [356 B]
Get:14 http://us-east-1.ec2.archive.ubuntu.com/ubuntu noble/universe Translation-en [5982 kB]
Get:15 https://dl.google.com/linux/chrome-stable/deb stable/main amd64 Packages [1408 B]
Get:16 http://us-east-1.ec2.archive.ubuntu.com/ubuntu noble/universe amd64 Components [3871 kB]
Get:17 http://us-east-1.ec2.archive.ubuntu.com/ubuntu noble/universe amd64 c-n-f Metadata [301 kB]
Get:18 http://us-east-1.ec2.archive.ubuntu.com/ubuntu noble/restricted amd64 Packages [93.9 kB]
Get:19 http://us-east-1.ec2.archive.ubuntu.com/ubuntu noble/restricted Translation-en [18.7 kB]
Get:20 http://us-east-1.ec2.archive.ubuntu.com/ubuntu noble/restricted amd64 c-n-f Metadata [416 B]
Get:21 http://us-east-1.ec2.archive.ubuntu.com/ubuntu noble/multiverse amd64 Packages [269 kB]
Get:22 http://us-east-1.ec2.archive.ubuntu.com/ubuntu noble/multiverse Translation-en [118 kB]
Get:23 http://us-east-1.ec2.archive.ubuntu.com/ubuntu noble/multiverse amd64 Components [35.0 kB]
Get:24 http://us-east-1.ec2.archive.ubuntu.com/ubuntu noble/multiverse amd64 c-n-f Metadata [8328 B]
Get:25 http://us-east-1.ec2.archive.ubuntu.com/ubuntu noble-updates/main amd64 Packages [1154 kB]
Get:26 http://us-east-1.ec2.archive.ubuntu.com/ubuntu noble-updates/main Translation-en [278 kB]
Get:27 http://us-east-1.ec2.archive.ubuntu.com/ubuntu noble-updates/main amd64 Components [181 kB]
Get:28 http://us-east-1.ec2.archive.ubuntu.com/ubuntu noble-updates/main amd64 c-n-f Metadata [17.7 kB]
Get:29 http://us-east-1.ec2.archive.ubuntu.com/ubuntu noble-updates/universe amd64 Packages [1680 kB]
Get:30 http://us-east-1.ec2.archive.ubuntu.com/ubuntu noble-updates/universe Translation-en [334 kB]
Get:31 http://us-east-1.ec2.archive.ubuntu.com/ubuntu noble-updates/universe amd64 Components [388 kB]
Get:32 http://us-east-1.ec2.archive.ubuntu.com/ubuntu noble-updates/universe amd64 c-n-f Metadata [34.9 kB]
Get:33 http://us-east-1.ec2.archive.ubuntu.com/ubuntu noble-updates/restricted amd64 Packages [1367 kB]
Get:34 http://us-east-1.ec2.archive.ubuntu.com/ubuntu noble-updates/restricted Translation-en [308 kB]
Get:35 http://us-east-1.ec2.archive.ubuntu.com/ubuntu noble-updates/restricted amd64 Components [212 B]
Get:36 http://us-east-1.ec2.archive.ubuntu.com/ubuntu noble-updates/restricted amd64 c-n-f Metadata [456 B]
Get:37 http://us-east-1.ec2.archive.ubuntu.com/ubuntu noble-updates/multiverse amd64 Packages [45.4 kB]
Get:38 http://us-east-1.ec2.archive.ubuntu.com/ubuntu noble-updates/multiverse Translation-en [12.3 kB]
Get:39 http://us-east-1.ec2.archive.ubuntu.com/ubuntu noble-updates/multiverse amd64 Components [940 B]
Get:40 http://us-east-1.ec2.archive.ubuntu.com/ubuntu noble-updates/multiverse amd64 c-n-f Metadata [656 B]
Get:41 http://us-east-1.ec2.archive.ubuntu.com/ubuntu noble-backports/main amd64 Packages [40.6 kB]
Get:42 http://us-east-1.ec2.archive.ubuntu.com/ubuntu noble-backports/main Translation-en [9172 B]
Get:43 http://us-east-1.ec2.archive.ubuntu.com/ubuntu noble-backports/main amd64 Components [5760 B]
Get:44 http://us-east-1.ec2.archive.ubuntu.com/ubuntu noble-backports/main amd64 c-n-f Metadata [368 B]
Get:45 http://us-east-1.ec2.archive.ubuntu.com/ubuntu noble-backports/universe amd64 Packages [31.0 kB]
Get:46 http://us-east-1.ec2.archive.ubuntu.com/ubuntu noble-backports/universe Translation-en [18.6 kB]
Get:47 http://us-east-1.ec2.archive.ubuntu.com/ubuntu noble-backports/universe amd64 Components [12.6 kB]
Get:48 http://us-east-1.ec2.archive.ubuntu.com/ubuntu noble-backports/universe amd64 c-n-f Metadata [1588 B]
Get:49 http://us-east-1.ec2.archive.ubuntu.com/ubuntu noble-backports/restricted amd64 Components [212 B]
Get:50 http://us-east-1.ec2.archive.ubuntu.com/ubuntu noble-backports/restricted amd64 c-n-f Metadata [116 B]
Get:51 http://us-east-1.ec2.archive.ubuntu.com/ubuntu noble-backports/multiverse amd64 Packages [748 B]
Get:52 http://us-east-1.ec2.archive.ubuntu.com/ubuntu noble-backports/multiverse Translation-en [340 B]
Get:53 http://us-east-1.ec2.archive.ubuntu.com/ubuntu noble-backports/multiverse amd64 Components [212 B]
Get:54 http://us-east-1.ec2.archive.ubuntu.com/ubuntu noble-backports/multiverse amd64 c-n-f Metadata [116 B]
Get:55 http://security.ubuntu.com/ubuntu noble-security/main amd64 Packages [897 kB]
Get:56 https://packages.microsoft.com/repos/code stable/main amd64 Packages [26.7 kB]
Get:57 http://security.ubuntu.com/ubuntu noble-security/main Translation-en [198 kB]
Get:58 http://security.ubuntu.com/ubuntu noble-security/main amd64 Components [46.3 kB]
Get:59 http://security.ubuntu.com/ubuntu noble-security/main amd64 c-n-f Metadata [11.9 kB]
Get:60 http://security.ubuntu.com/ubuntu noble-security/universe amd64 Packages [1199 kB]
Get:61 http://security.ubuntu.com/ubuntu noble-security/universe Translation-en [239 kB]
Get:62 http://security.ubuntu.com/ubuntu noble-security/universe amd64 Components [76.4 kB]
Get:63 http://security.ubuntu.com/ubuntu noble-security/universe amd64 c-n-f Metadata [24.2 kB]
Get:64 http://security.ubuntu.com/ubuntu noble-security/restricted amd64 Packages [1273 kB]
Get:65 http://security.ubuntu.com/ubuntu noble-security/restricted Translation-en [290 kB]
Get:66 http://security.ubuntu.com/ubuntu noble-security/restricted amd64 Components [212 B]
Get:67 http://security.ubuntu.com/ubuntu noble-security/restricted amd64 c-n-f Metadata [444 B]
Get:68 http://security.ubuntu.com/ubuntu noble-security/multiverse amd64 Packages [40.3 kB]
Get:69 http://security.ubuntu.com/ubuntu noble-security/multiverse Translation-en [10.6 kB]
Get:70 http://security.ubuntu.com/ubuntu noble-security/multiverse amd64 Components [208 B]
Get:71 http://security.ubuntu.com/ubuntu noble-security/multiverse amd64 c-n-f Metadata [468 B]
Fetched 39.1 MB in 7s (5749 kB/s)
Reading package lists...
[INFO] Applying supported Ubuntu 24.04 package updates without a release upgrade.
Reading package lists...
Building dependency tree...
Reading state information...
Calculating upgrade...
The following NEW packages will be installed:
  libdebuginfod-common libdebuginfod1t64 libllvm19
  linux-aws-7.0-headers-7.0.0-1009 linux-aws-7.0-tools-7.0.0-1009
  linux-headers-7.0.0-1009-aws linux-image-7.0.0-1009-aws
  linux-modules-7.0.0-1009-aws linux-tools-7.0.0-1009-aws
The following packages will be upgraded:
  accountsservice code distro-info-data dnsmasq-base gawk gh
  google-chrome-stable gstreamer1.0-plugins-good krb5-locales
  libaccountsservice0 libarchive13t64 libasound2-data libasound2t64 libc-bin
  libc-dev-bin libc-devtools libc6 libc6-dev libgphoto2-6t64 libgphoto2-l10n
  libgphoto2-port12t64 libgssapi-krb5-2 libgstreamer-plugins-good1.0-0
  libheif-plugin-aomdec libheif-plugin-aomenc libheif1 libhtml-parser-perl
  libhttp-date-perl libjbig2dec0 libk5crypto3 libkrb5-3 libkrb5support0
  libldb2 libntfs-3g89t64 libpam-modules libpam-modules-bin libpam-runtime
  libpam0g libpipewire-0.3-0t64 libpipewire-0.3-common libsmbclient0
  libspa-0.2-modules libsqlite3-0 libssl3t64 libwbclient0 libxfont2 libxpm4
  linux-aws linux-headers-aws linux-image-aws linux-libc-dev
  linux-tools-common locales ntfs-3g openssl python3-httplib2 python3-idna
  rsyslog samba-libs snapd tar tzdata tzdata-legacy ubuntu-pro-client
  ubuntu-pro-client-l10n vim vim-common vim-runtime vim-tiny wget xxd
71 upgraded, 9 newly installed, 0 to remove and 0 not upgraded.
Need to get 686 MB of archives.
After this operation, 580 MB of additional disk space will be used.
Get:1 http://us-east-1.ec2.archive.ubuntu.com/ubuntu noble-updates/main amd64 tar amd64 1.35+dfsg-3ubuntu0.4 [256 kB]
Get:2 http://us-east-1.ec2.archive.ubuntu.com/ubuntu noble-updates/main amd64 libc-devtools amd64 2.39-0ubuntu8.8 [29.3 kB]
Get:3 http://us-east-1.ec2.archive.ubuntu.com/ubuntu noble-updates/main amd64 libc6-dev amd64 2.39-0ubuntu8.8 [2125 kB]
Get:4 http://us-east-1.ec2.archive.ubuntu.com/ubuntu noble-updates/main amd64 libc-dev-bin amd64 2.39-0ubuntu8.8 [20.4 kB]
Get:5 http://us-east-1.ec2.archive.ubuntu.com/ubuntu noble-updates/main amd64 linux-libc-dev amd64 6.8.0-136.136 [1575 kB]
Get:6 https://dl.google.com/linux/chrome-stable/deb stable/main amd64 google-chrome-stable amd64 151.0.7922.71-1 [140 MB]
Get:7 https://cli.github.com/packages stable/main amd64 gh amd64 2.97.0 [14.8 MB]
Get:8 http://us-east-1.ec2.archive.ubuntu.com/ubuntu noble-updates/main amd64 libc6 amd64 2.39-0ubuntu8.8 [3262 kB]
Get:9 https://packages.microsoft.com/repos/code stable/main amd64 code amd64 1.131.0-1785237861 [233 MB]
Get:10 http://us-east-1.ec2.archive.ubuntu.com/ubuntu noble-updates/main amd64 libc-bin amd64 2.39-0ubuntu8.8 [682 kB]
Get:11 http://us-east-1.ec2.archive.ubuntu.com/ubuntu noble-updates/main amd64 libpam0g amd64 1.5.3-5ubuntu5.6 [68.0 kB]
Get:12 http://us-east-1.ec2.archive.ubuntu.com/ubuntu noble-updates/main amd64 libpam-modules-bin amd64 1.5.3-5ubuntu5.6 [51.9 kB]
Get:13 http://us-east-1.ec2.archive.ubuntu.com/ubuntu noble-updates/main amd64 libpam-modules amd64 1.5.3-5ubuntu5.6 [286 kB]
Get:14 http://us-east-1.ec2.archive.ubuntu.com/ubuntu noble-updates/main amd64 ntfs-3g amd64 1:2022.10.3-1.2ubuntu3.2 [406 kB]
Get:15 http://us-east-1.ec2.archive.ubuntu.com/ubuntu noble-updates/main amd64 libntfs-3g89t64 amd64 1:2022.10.3-1.2ubuntu3.2 [160 kB]
Get:16 http://us-east-1.ec2.archive.ubuntu.com/ubuntu noble-updates/main amd64 gawk amd64 1:5.2.1-2ubuntu0.1 [463 kB]
Get:17 http://us-east-1.ec2.archive.ubuntu.com/ubuntu noble-updates/main amd64 libasound2t64 amd64 1.2.11-1ubuntu0.3 [398 kB]
Get:18 http://us-east-1.ec2.archive.ubuntu.com/ubuntu noble-updates/main amd64 libasound2-data all 1.2.11-1ubuntu0.3 [21.4 kB]
Get:19 http://us-east-1.ec2.archive.ubuntu.com/ubuntu noble-updates/main amd64 libssl3t64 amd64 3.0.13-0ubuntu3.12 [1942 kB]
Get:20 http://us-east-1.ec2.archive.ubuntu.com/ubuntu noble-updates/main amd64 wget amd64 1.21.4-1ubuntu4.4 [334 kB]
Get:21 http://us-east-1.ec2.archive.ubuntu.com/ubuntu noble-updates/main amd64 libdebuginfod-common all 0.190-1.1ubuntu0.1 [14.6 kB]
Get:22 http://us-east-1.ec2.archive.ubuntu.com/ubuntu noble-updates/main amd64 libpam-runtime all 1.5.3-5ubuntu5.6 [40.8 kB]
Get:23 http://us-east-1.ec2.archive.ubuntu.com/ubuntu noble-updates/main amd64 distro-info-data all 0.72-0ubuntu0.24.04.1 [7598 B]
Get:24 http://us-east-1.ec2.archive.ubuntu.com/ubuntu noble-updates/main amd64 krb5-locales all 1.20.1-6ubuntu2.7 [14.9 kB]
Get:25 http://us-east-1.ec2.archive.ubuntu.com/ubuntu noble-updates/main amd64 libgssapi-krb5-2 amd64 1.20.1-6ubuntu2.7 [143 kB]
Get:26 http://us-east-1.ec2.archive.ubuntu.com/ubuntu noble-updates/main amd64 libkrb5-3 amd64 1.20.1-6ubuntu2.7 [348 kB]
Get:27 http://us-east-1.ec2.archive.ubuntu.com/ubuntu noble-updates/main amd64 libkrb5support0 amd64 1.20.1-6ubuntu2.7 [34.5 kB]
Get:28 http://us-east-1.ec2.archive.ubuntu.com/ubuntu noble-updates/main amd64 libk5crypto3 amd64 1.20.1-6ubuntu2.7 [82.0 kB]
Get:29 http://us-east-1.ec2.archive.ubuntu.com/ubuntu noble-updates/main amd64 libsqlite3-0 amd64 3.45.1-1ubuntu2.7 [701 kB]
Get:30 http://us-east-1.ec2.archive.ubuntu.com/ubuntu noble-updates/main amd64 locales all 2.39-0ubuntu8.8 [4231 kB]
Get:31 http://us-east-1.ec2.archive.ubuntu.com/ubuntu noble-updates/main amd64 openssl amd64 3.0.13-0ubuntu3.12 [1003 kB]
Get:32 http://us-east-1.ec2.archive.ubuntu.com/ubuntu noble-updates/main amd64 rsyslog amd64 8.2312.0-3ubuntu9.3 [511 kB]
Get:33 http://us-east-1.ec2.archive.ubuntu.com/ubuntu noble-updates/main amd64 tzdata all 2026c-0ubuntu0.24.04.1 [280 kB]
Get:34 http://us-east-1.ec2.archive.ubuntu.com/ubuntu noble-updates/main amd64 tzdata-legacy all 2026c-0ubuntu0.24.04.1 [95.3 kB]
Get:35 http://us-east-1.ec2.archive.ubuntu.com/ubuntu noble-updates/main amd64 ubuntu-pro-client-l10n amd64 37.2ubuntu~24.04.1 [19.8 kB]
Get:36 http://us-east-1.ec2.archive.ubuntu.com/ubuntu noble-updates/main amd64 ubuntu-pro-client amd64 37.2ubuntu~24.04.1 [260 kB]
Get:37 http://us-east-1.ec2.archive.ubuntu.com/ubuntu noble-updates/main amd64 vim amd64 2:9.1.0016-1ubuntu7.18 [1884 kB]
Get:38 http://us-east-1.ec2.archive.ubuntu.com/ubuntu noble-updates/main amd64 vim-common all 2:9.1.0016-1ubuntu7.18 [388 kB]
Get:39 http://us-east-1.ec2.archive.ubuntu.com/ubuntu noble-updates/main amd64 vim-tiny amd64 2:9.1.0016-1ubuntu7.18 [806 kB]
Get:40 http://us-east-1.ec2.archive.ubuntu.com/ubuntu noble-updates/main amd64 vim-runtime all 2:9.1.0016-1ubuntu7.18 [7281 kB]
Get:41 http://us-east-1.ec2.archive.ubuntu.com/ubuntu noble-updates/main amd64 xxd amd64 2:9.1.0016-1ubuntu7.18 [65.7 kB]
Get:42 http://us-east-1.ec2.archive.ubuntu.com/ubuntu noble-updates/main amd64 accountsservice amd64 23.13.9-2ubuntu6.1 [71.6 kB]
Get:43 http://us-east-1.ec2.archive.ubuntu.com/ubuntu noble-updates/main amd64 libaccountsservice0 amd64 23.13.9-2ubuntu6.1 [64.0 kB]
Get:44 http://us-east-1.ec2.archive.ubuntu.com/ubuntu noble-updates/main amd64 dnsmasq-base amd64 2.90-2ubuntu0.4 [376 kB]
Get:45 http://us-east-1.ec2.archive.ubuntu.com/ubuntu noble-updates/main amd64 gstreamer1.0-plugins-good amd64 1.24.2-1ubuntu1.5 [2236 kB]
Get:46 http://us-east-1.ec2.archive.ubuntu.com/ubuntu noble-updates/main amd64 libgstreamer-plugins-good1.0-0 amd64 1.24.2-1ubuntu1.5 [33.5 kB]
Get:47 http://us-east-1.ec2.archive.ubuntu.com/ubuntu noble-updates/main amd64 libarchive13t64 amd64 3.7.2-2ubuntu0.8 [383 kB]
Get:48 http://us-east-1.ec2.archive.ubuntu.com/ubuntu noble-updates/main amd64 libdebuginfod1t64 amd64 0.190-1.1ubuntu0.1 [17.1 kB]
Get:49 http://us-east-1.ec2.archive.ubuntu.com/ubuntu noble-updates/main amd64 libgphoto2-port12t64 amd64 2.5.31-2.1ubuntu1.1 [59.2 kB]
Get:50 http://us-east-1.ec2.archive.ubuntu.com/ubuntu noble-updates/main amd64 libgphoto2-6t64 amd64 2.5.31-2.1ubuntu1.1 [735 kB]
Get:51 http://us-east-1.ec2.archive.ubuntu.com/ubuntu noble-updates/main amd64 libgphoto2-l10n all 2.5.31-2.1ubuntu1.1 [15.6 kB]
Get:52 http://us-east-1.ec2.archive.ubuntu.com/ubuntu noble-updates/main amd64 libheif-plugin-aomenc amd64 1.17.6-1ubuntu4.6 [14.7 kB]
Get:53 http://us-east-1.ec2.archive.ubuntu.com/ubuntu noble-updates/main amd64 libheif-plugin-aomdec amd64 1.17.6-1ubuntu4.6 [11.3 kB]
Get:54 http://us-east-1.ec2.archive.ubuntu.com/ubuntu noble-updates/main amd64 libheif1 amd64 1.17.6-1ubuntu4.6 [276 kB]
Get:55 http://us-east-1.ec2.archive.ubuntu.com/ubuntu noble-updates/main amd64 libhtml-parser-perl amd64 3.81-1ubuntu0.1 [86.0 kB]
Get:56 http://us-east-1.ec2.archive.ubuntu.com/ubuntu noble-updates/main amd64 libhttp-date-perl all 6.06-1ubuntu0.24.04.1 [10.6 kB]
Get:57 http://us-east-1.ec2.archive.ubuntu.com/ubuntu noble-updates/main amd64 libjbig2dec0 amd64 0.20-1ubuntu0.24.04.1 [65.2 kB]
Get:58 http://us-east-1.ec2.archive.ubuntu.com/ubuntu noble-updates/main amd64 libsmbclient0 amd64 2:4.19.5+dfsg-4ubuntu9.7 [62.4 kB]
Get:59 http://us-east-1.ec2.archive.ubuntu.com/ubuntu noble-updates/main amd64 libldb2 amd64 2:2.8.0+samba4.19.5+dfsg-4ubuntu9.7 [188 kB]
Get:60 http://us-east-1.ec2.archive.ubuntu.com/ubuntu noble-updates/main amd64 samba-libs amd64 2:4.19.5+dfsg-4ubuntu9.7 [6018 kB]
Get:61 http://us-east-1.ec2.archive.ubuntu.com/ubuntu noble-updates/main amd64 libwbclient0 amd64 2:4.19.5+dfsg-4ubuntu9.7 [72.2 kB]
Get:62 http://us-east-1.ec2.archive.ubuntu.com/ubuntu noble-updates/main amd64 libllvm19 amd64 1:19.1.1-1ubuntu1~24.04.2 [28.7 MB]
Get:63 http://us-east-1.ec2.archive.ubuntu.com/ubuntu noble-updates/main amd64 libpipewire-0.3-0t64 amd64 1.0.5-1ubuntu3.3 [252 kB]
Get:64 http://us-east-1.ec2.archive.ubuntu.com/ubuntu noble-updates/main amd64 libspa-0.2-modules amd64 1.0.5-1ubuntu3.3 [628 kB]
Get:65 http://us-east-1.ec2.archive.ubuntu.com/ubuntu noble-updates/main amd64 libpipewire-0.3-common all 1.0.5-1ubuntu3.3 [19.5 kB]
Get:66 http://us-east-1.ec2.archive.ubuntu.com/ubuntu noble-updates/main amd64 libxfont2 amd64 1:2.0.6-1+deb13u1build0.24.04.2 [94.0 kB]
Get:67 http://us-east-1.ec2.archive.ubuntu.com/ubuntu noble-updates/main amd64 libxpm4 amd64 1:3.5.17-1ubuntu0.24.04.1 [36.7 kB]
Get:68 http://us-east-1.ec2.archive.ubuntu.com/ubuntu noble-updates/main amd64 linux-modules-7.0.0-1009-aws amd64 7.0.0-1009.9~24.04.1 [148 MB]
Get:69 http://us-east-1.ec2.archive.ubuntu.com/ubuntu noble-updates/main amd64 linux-image-7.0.0-1009-aws amd64 7.0.0-1009.9~24.04.1 [16.7 MB]
Get:70 http://us-east-1.ec2.archive.ubuntu.com/ubuntu noble-updates/main amd64 linux-aws amd64 7.0.0-1009.9~24.04.1 [1728 B]
Get:71 http://us-east-1.ec2.archive.ubuntu.com/ubuntu noble-updates/main amd64 linux-image-aws amd64 7.0.0-1009.9~24.04.1 [2268 B]
Get:72 http://us-east-1.ec2.archive.ubuntu.com/ubuntu noble-updates/main amd64 linux-aws-7.0-headers-7.0.0-1009 all 7.0.0-1009.9~24.04.1 [14.8 MB]
Get:73 http://us-east-1.ec2.archive.ubuntu.com/ubuntu noble-updates/main amd64 linux-headers-7.0.0-1009-aws amd64 7.0.0-1009.9~24.04.1 [3908 kB]
Get:74 http://us-east-1.ec2.archive.ubuntu.com/ubuntu noble-updates/main amd64 linux-headers-aws amd64 7.0.0-1009.9~24.04.1 [2180 B]
Get:75 http://us-east-1.ec2.archive.ubuntu.com/ubuntu noble-updates/main amd64 linux-tools-common all 6.8.0-136.136 [416 kB]
Get:76 http://us-east-1.ec2.archive.ubuntu.com/ubuntu noble-updates/main amd64 linux-aws-7.0-tools-7.0.0-1009 amd64 7.0.0-1009.9~24.04.1 [6407 kB]
Get:77 http://us-east-1.ec2.archive.ubuntu.com/ubuntu noble-updates/main amd64 linux-tools-7.0.0-1009-aws amd64 7.0.0-1009.9~24.04.1 [1634 B]
Get:78 http://us-east-1.ec2.archive.ubuntu.com/ubuntu noble-updates/main amd64 python3-httplib2 all 0.20.4-3ubuntu0.1 [33.2 kB]
Get:79 http://us-east-1.ec2.archive.ubuntu.com/ubuntu noble-updates/main amd64 python3-idna all 3.6-2ubuntu0.2 [49.7 kB]
Get:80 http://us-east-1.ec2.archive.ubuntu.com/ubuntu noble-updates/main amd64 snapd amd64 2.76+ubuntu24.04.1 [36.4 MB]
Preconfiguring packages ...
Fetched 686 MB in 7s (99.5 MB/s)
(Reading database ...
(Reading database ... 5%
(Reading database ... 10%
(Reading database ... 15%
(Reading database ... 20%
(Reading database ... 25%
(Reading database ... 30%
(Reading database ... 35%
(Reading database ... 40%
(Reading database ... 45%
(Reading database ... 50%
(Reading database ... 55%
(Reading database ... 60%
(Reading database ... 65%
(Reading database ... 70%
(Reading database ... 75%
(Reading database ... 80%
(Reading database ... 85%
(Reading database ... 90%
(Reading database ... 95%
(Reading database ... 100%
(Reading database ... 170133 files and directories currently installed.)
Preparing to unpack .../tar_1.35+dfsg-3ubuntu0.4_amd64.deb ...
Unpacking tar (1.35+dfsg-3ubuntu0.4) over (1.35+dfsg-3ubuntu0.2) ...
Setting up tar (1.35+dfsg-3ubuntu0.4) ...
(Reading database ...
(Reading database ... 5%
(Reading database ... 10%
(Reading database ... 15%
(Reading database ... 20%
(Reading database ... 25%
(Reading database ... 30%
(Reading database ... 35%
(Reading database ... 40%
(Reading database ... 45%
(Reading database ... 50%
(Reading database ... 55%
(Reading database ... 60%
(Reading database ... 65%
(Reading database ... 70%
(Reading database ... 75%
(Reading database ... 80%
(Reading database ... 85%
(Reading database ... 90%
(Reading database ... 95%
(Reading database ... 100%
(Reading database ... 170133 files and directories currently installed.)
Preparing to unpack .../libc-devtools_2.39-0ubuntu8.8_amd64.deb ...
Unpacking libc-devtools (2.39-0ubuntu8.8) over (2.39-0ubuntu8.7) ...
Preparing to unpack .../libc6-dev_2.39-0ubuntu8.8_amd64.deb ...
Unpacking libc6-dev:amd64 (2.39-0ubuntu8.8) over (2.39-0ubuntu8.7) ...
Preparing to unpack .../libc-dev-bin_2.39-0ubuntu8.8_amd64.deb ...
Unpacking libc-dev-bin (2.39-0ubuntu8.8) over (2.39-0ubuntu8.7) ...
Preparing to unpack .../linux-libc-dev_6.8.0-136.136_amd64.deb ...
Unpacking linux-libc-dev:amd64 (6.8.0-136.136) over (6.8.0-134.134) ...
Preparing to unpack .../libc6_2.39-0ubuntu8.8_amd64.deb ...
Unpacking libc6:amd64 (2.39-0ubuntu8.8) over (2.39-0ubuntu8.7) ...
Setting up libc6:amd64 (2.39-0ubuntu8.8) ...
(Reading database ...
(Reading database ... 5%
(Reading database ... 10%
(Reading database ... 15%
(Reading database ... 20%
(Reading database ... 25%
(Reading database ... 30%
(Reading database ... 35%
(Reading database ... 40%
(Reading database ... 45%
(Reading database ... 50%
(Reading database ... 55%
(Reading database ... 60%
(Reading database ... 65%
(Reading database ... 70%
(Reading database ... 75%
(Reading database ... 80%
(Reading database ... 85%
(Reading database ... 90%
(Reading database ... 95%
(Reading database ... 100%
(Reading database ... 170133 files and directories currently installed.)
Preparing to unpack .../libc-bin_2.39-0ubuntu8.8_amd64.deb ...
Unpacking libc-bin (2.39-0ubuntu8.8) over (2.39-0ubuntu8.7) ...
Setting up libc-bin (2.39-0ubuntu8.8) ...
(Reading database ...
(Reading database ... 5%
(Reading database ... 10%
(Reading database ... 15%
(Reading database ... 20%
(Reading database ... 25%
(Reading database ... 30%
(Reading database ... 35%
(Reading database ... 40%
(Reading database ... 45%
(Reading database ... 50%
(Reading database ... 55%
(Reading database ... 60%
(Reading database ... 65%
(Reading database ... 70%
(Reading database ... 75%
(Reading database ... 80%
(Reading database ... 85%
(Reading database ... 90%
(Reading database ... 95%
(Reading database ... 100%
(Reading database ... 170133 files and directories currently installed.)
Preparing to unpack .../libpam0g_1.5.3-5ubuntu5.6_amd64.deb ...
Unpacking libpam0g:amd64 (1.5.3-5ubuntu5.6) over (1.5.3-5ubuntu5.5) ...
Setting up libpam0g:amd64 (1.5.3-5ubuntu5.6) ...
(Reading database ...
(Reading database ... 5%
(Reading database ... 10%
(Reading database ... 15%
(Reading database ... 20%
(Reading database ... 25%
(Reading database ... 30%
(Reading database ... 35%
(Reading database ... 40%
(Reading database ... 45%
(Reading database ... 50%
(Reading database ... 55%
(Reading database ... 60%
(Reading database ... 65%
(Reading database ... 70%
(Reading database ... 75%
(Reading database ... 80%
(Reading database ... 85%
(Reading database ... 90%
(Reading database ... 95%
(Reading database ... 100%
(Reading database ... 170133 files and directories currently installed.)
Preparing to unpack .../libpam-modules-bin_1.5.3-5ubuntu5.6_amd64.deb ...
Unpacking libpam-modules-bin (1.5.3-5ubuntu5.6) over (1.5.3-5ubuntu5.5) ...
Setting up libpam-modules-bin (1.5.3-5ubuntu5.6) ...
pam_namespace.service is a disabled or a static unit not running, not starting it.
(Reading database ...
(Reading database ... 5%
(Reading database ... 10%
(Reading database ... 15%
(Reading database ... 20%
(Reading database ... 25%
(Reading database ... 30%
(Reading database ... 35%
(Reading database ... 40%
(Reading database ... 45%
(Reading database ... 50%
(Reading database ... 55%
(Reading database ... 60%
(Reading database ... 65%
(Reading database ... 70%
(Reading database ... 75%
(Reading database ... 80%
(Reading database ... 85%
(Reading database ... 90%
(Reading database ... 95%
(Reading database ... 100%
(Reading database ... 170133 files and directories currently installed.)
Preparing to unpack .../libpam-modules_1.5.3-5ubuntu5.6_amd64.deb ...
Unpacking libpam-modules:amd64 (1.5.3-5ubuntu5.6) over (1.5.3-5ubuntu5.5) ...
Setting up libpam-modules:amd64 (1.5.3-5ubuntu5.6) ...
(Reading database ...
(Reading database ... 5%
(Reading database ... 10%
(Reading database ... 15%
(Reading database ... 20%
(Reading database ... 25%
(Reading database ... 30%
(Reading database ... 35%
(Reading database ... 40%
(Reading database ... 45%
(Reading database ... 50%
(Reading database ... 55%
(Reading database ... 60%
(Reading database ... 65%
(Reading database ... 70%
(Reading database ... 75%
(Reading database ... 80%
(Reading database ... 85%
(Reading database ... 90%
(Reading database ... 95%
(Reading database ... 100%
(Reading database ... 170133 files and directories currently installed.)
Preparing to unpack .../0-ntfs-3g_1%3a2022.10.3-1.2ubuntu3.2_amd64.deb ...
Unpacking ntfs-3g (1:2022.10.3-1.2ubuntu3.2) over (1:2022.10.3-1.2ubuntu3.1) ...
Preparing to unpack .../1-libntfs-3g89t64_1%3a2022.10.3-1.2ubuntu3.2_amd64.deb ...
Unpacking libntfs-3g89t64:amd64 (1:2022.10.3-1.2ubuntu3.2) over (1:2022.10.3-1.2ubuntu3.1) ...
Preparing to unpack .../2-gawk_1%3a5.2.1-2ubuntu0.1_amd64.deb ...
Unpacking gawk (1:5.2.1-2ubuntu0.1) over (1:5.2.1-2build3) ...
Preparing to unpack .../3-libasound2t64_1.2.11-1ubuntu0.3_amd64.deb ...
Unpacking libasound2t64:amd64 (1.2.11-1ubuntu0.3) over (1.2.11-1ubuntu0.2) ...
Preparing to unpack .../4-libasound2-data_1.2.11-1ubuntu0.3_all.deb ...
Unpacking libasound2-data (1.2.11-1ubuntu0.3) over (1.2.11-1ubuntu0.2) ...
Preparing to unpack .../5-libssl3t64_3.0.13-0ubuntu3.12_amd64.deb ...
Unpacking libssl3t64:amd64 (3.0.13-0ubuntu3.12) over (3.0.13-0ubuntu3.11) ...
Setting up libssl3t64:amd64 (3.0.13-0ubuntu3.12) ...
(Reading database ...
(Reading database ... 5%
(Reading database ... 10%
(Reading database ... 15%
(Reading database ... 20%
(Reading database ... 25%
(Reading database ... 30%
(Reading database ... 35%
(Reading database ... 40%
(Reading database ... 45%
(Reading database ... 50%
(Reading database ... 55%
(Reading database ... 60%
(Reading database ... 65%
(Reading database ... 70%
(Reading database ... 75%
(Reading database ... 80%
(Reading database ... 85%
(Reading database ... 90%
(Reading database ... 95%
(Reading database ... 100%
(Reading database ... 170133 files and directories currently installed.)
Preparing to unpack .../wget_1.21.4-1ubuntu4.4_amd64.deb ...
Unpacking wget (1.21.4-1ubuntu4.4) over (1.21.4-1ubuntu4.1) ...
Preparing to unpack .../google-chrome-stable_151.0.7922.71-1_amd64.deb ...
Unpacking google-chrome-stable (151.0.7922.71-1) over (150.0.7871.114-1) ...
Selecting previously unselected package libdebuginfod-common.
Preparing to unpack .../libdebuginfod-common_0.190-1.1ubuntu0.1_all.deb ...
Unpacking libdebuginfod-common (0.190-1.1ubuntu0.1) ...
Preparing to unpack .../libpam-runtime_1.5.3-5ubuntu5.6_all.deb ...
Unpacking libpam-runtime (1.5.3-5ubuntu5.6) over (1.5.3-5ubuntu5.5) ...
Setting up libpam-runtime (1.5.3-5ubuntu5.6) ...
(Reading database ...
(Reading database ... 5%
(Reading database ... 10%
(Reading database ... 15%
(Reading database ... 20%
(Reading database ... 25%
(Reading database ... 30%
(Reading database ... 35%
(Reading database ... 40%
(Reading database ... 45%
(Reading database ... 50%
(Reading database ... 55%
(Reading database ... 60%
(Reading database ... 65%
(Reading database ... 70%
(Reading database ... 75%
(Reading database ... 80%
(Reading database ... 85%
(Reading database ... 90%
(Reading database ... 95%
(Reading database ... 100%
(Reading database ... 170139 files and directories currently installed.)
Preparing to unpack .../00-distro-info-data_0.72-0ubuntu0.24.04.1_all.deb ...
Unpacking distro-info-data (0.72-0ubuntu0.24.04.1) over (0.60ubuntu0.6) ...
Preparing to unpack .../01-krb5-locales_1.20.1-6ubuntu2.7_all.deb ...
Unpacking krb5-locales (1.20.1-6ubuntu2.7) over (1.20.1-6ubuntu2.6) ...
Preparing to unpack .../02-libgssapi-krb5-2_1.20.1-6ubuntu2.7_amd64.deb ...
Unpacking libgssapi-krb5-2:amd64 (1.20.1-6ubuntu2.7) over (1.20.1-6ubuntu2.6) ...
Preparing to unpack .../03-libkrb5-3_1.20.1-6ubuntu2.7_amd64.deb ...
Unpacking libkrb5-3:amd64 (1.20.1-6ubuntu2.7) over (1.20.1-6ubuntu2.6) ...
Preparing to unpack .../04-libkrb5support0_1.20.1-6ubuntu2.7_amd64.deb ...
Unpacking libkrb5support0:amd64 (1.20.1-6ubuntu2.7) over (1.20.1-6ubuntu2.6) ...
Preparing to unpack .../05-libk5crypto3_1.20.1-6ubuntu2.7_amd64.deb ...
Unpacking libk5crypto3:amd64 (1.20.1-6ubuntu2.7) over (1.20.1-6ubuntu2.6) ...
Preparing to unpack .../06-libsqlite3-0_3.45.1-1ubuntu2.7_amd64.deb ...
Unpacking libsqlite3-0:amd64 (3.45.1-1ubuntu2.7) over (3.45.1-1ubuntu2.6) ...
Preparing to unpack .../07-locales_2.39-0ubuntu8.8_all.deb ...
Unpacking locales (2.39-0ubuntu8.8) over (2.39-0ubuntu8.7) ...
Preparing to unpack .../08-openssl_3.0.13-0ubuntu3.12_amd64.deb ...
Unpacking openssl (3.0.13-0ubuntu3.12) over (3.0.13-0ubuntu3.11) ...
Preparing to unpack .../09-rsyslog_8.2312.0-3ubuntu9.3_amd64.deb ...
Unpacking rsyslog (8.2312.0-3ubuntu9.3) over (8.2312.0-3ubuntu9.2) ...
Preparing to unpack .../10-tzdata_2026c-0ubuntu0.24.04.1_all.deb ...
Unpacking tzdata (2026c-0ubuntu0.24.04.1) over (2026b-0ubuntu0.24.04.1) ...
Preparing to unpack .../11-tzdata-legacy_2026c-0ubuntu0.24.04.1_all.deb ...
Unpacking tzdata-legacy (2026c-0ubuntu0.24.04.1) over (2026b-0ubuntu0.24.04.1) ...
Preparing to unpack .../12-ubuntu-pro-client-l10n_37.2ubuntu~24.04.1_amd64.deb ...
Unpacking ubuntu-pro-client-l10n (37.2ubuntu~24.04.1) over (37.2ubuntu~24.04) ...
Preparing to unpack .../13-ubuntu-pro-client_37.2ubuntu~24.04.1_amd64.deb ...
Unpacking ubuntu-pro-client (37.2ubuntu~24.04.1) over (37.2ubuntu~24.04) ...
Preparing to unpack .../14-vim_2%3a9.1.0016-1ubuntu7.18_amd64.deb ...
Unpacking vim (2:9.1.0016-1ubuntu7.18) over (2:9.1.0016-1ubuntu7.17) ...
Preparing to unpack .../15-vim-common_2%3a9.1.0016-1ubuntu7.18_all.deb ...
Unpacking vim-common (2:9.1.0016-1ubuntu7.18) over (2:9.1.0016-1ubuntu7.17) ...
Preparing to unpack .../16-vim-tiny_2%3a9.1.0016-1ubuntu7.18_amd64.deb ...
Unpacking vim-tiny (2:9.1.0016-1ubuntu7.18) over (2:9.1.0016-1ubuntu7.17) ...
Preparing to unpack .../17-vim-runtime_2%3a9.1.0016-1ubuntu7.18_all.deb ...
Unpacking vim-runtime (2:9.1.0016-1ubuntu7.18) over (2:9.1.0016-1ubuntu7.17) ...
Preparing to unpack .../18-xxd_2%3a9.1.0016-1ubuntu7.18_amd64.deb ...
Unpacking xxd (2:9.1.0016-1ubuntu7.18) over (2:9.1.0016-1ubuntu7.17) ...
Preparing to unpack .../19-accountsservice_23.13.9-2ubuntu6.1_amd64.deb ...
Unpacking accountsservice (23.13.9-2ubuntu6.1) over (23.13.9-2ubuntu6) ...
Preparing to unpack .../20-libaccountsservice0_23.13.9-2ubuntu6.1_amd64.deb ...
Unpacking libaccountsservice0:amd64 (23.13.9-2ubuntu6.1) over (23.13.9-2ubuntu6) ...
Preparing to unpack .../21-code_1.131.0-1785237861_amd64.deb ...
Unpacking code (1.131.0-1785237861) over (1.128.0-1783465401) ...
Preparing to unpack .../22-dnsmasq-base_2.90-2ubuntu0.4_amd64.deb ...
Unpacking dnsmasq-base (2.90-2ubuntu0.4) over (2.90-2ubuntu0.3) ...
Preparing to unpack .../23-gh_2.97.0_amd64.deb ...
Unpacking gh (2.97.0) over (2.96.0) ...
Preparing to unpack .../24-gstreamer1.0-plugins-good_1.24.2-1ubuntu1.5_amd64.deb ...
Unpacking gstreamer1.0-plugins-good:amd64 (1.24.2-1ubuntu1.5) over (1.24.2-1ubuntu1.4) ...
Preparing to unpack .../25-libgstreamer-plugins-good1.0-0_1.24.2-1ubuntu1.5_amd64.deb ...
Unpacking libgstreamer-plugins-good1.0-0:amd64 (1.24.2-1ubuntu1.5) over (1.24.2-1ubuntu1.4) ...
Preparing to unpack .../26-libarchive13t64_3.7.2-2ubuntu0.8_amd64.deb ...
Unpacking libarchive13t64:amd64 (3.7.2-2ubuntu0.8) over (3.7.2-2ubuntu0.7) ...
Selecting previously unselected package libdebuginfod1t64:amd64.
Preparing to unpack .../27-libdebuginfod1t64_0.190-1.1ubuntu0.1_amd64.deb ...
Unpacking libdebuginfod1t64:amd64 (0.190-1.1ubuntu0.1) ...
Preparing to unpack .../28-libgphoto2-port12t64_2.5.31-2.1ubuntu1.1_amd64.deb ...
Unpacking libgphoto2-port12t64:amd64 (2.5.31-2.1ubuntu1.1) over (2.5.31-2.1ubuntu1) ...
Preparing to unpack .../29-libgphoto2-6t64_2.5.31-2.1ubuntu1.1_amd64.deb ...
Adding 'diversion of /lib/udev/hwdb.d/20-libgphoto2-6.hwdb to /lib/udev/hwdb.d/20-libgphoto2-6.hwdb.usr-is-merged by usr-is-merged'
Adding 'diversion of /lib/udev/rules.d/60-libgphoto2-6.rules to /lib/udev/rules.d/60-libgphoto2-6.rules.usr-is-merged by usr-is-merged'
Unpacking libgphoto2-6t64:amd64 (2.5.31-2.1ubuntu1.1) over (2.5.31-2.1ubuntu1) ...
Preparing to unpack .../30-libgphoto2-l10n_2.5.31-2.1ubuntu1.1_all.deb ...
Unpacking libgphoto2-l10n (2.5.31-2.1ubuntu1.1) over (2.5.31-2.1ubuntu1) ...
Preparing to unpack .../31-libheif-plugin-aomenc_1.17.6-1ubuntu4.6_amd64.deb ...
Unpacking libheif-plugin-aomenc:amd64 (1.17.6-1ubuntu4.6) over (1.17.6-1ubuntu4.5) ...
Preparing to unpack .../32-libheif-plugin-aomdec_1.17.6-1ubuntu4.6_amd64.deb ...
Unpacking libheif-plugin-aomdec:amd64 (1.17.6-1ubuntu4.6) over (1.17.6-1ubuntu4.5) ...
Preparing to unpack .../33-libheif1_1.17.6-1ubuntu4.6_amd64.deb ...
Unpacking libheif1:amd64 (1.17.6-1ubuntu4.6) over (1.17.6-1ubuntu4.5) ...
Preparing to unpack .../34-libhtml-parser-perl_3.81-1ubuntu0.1_amd64.deb ...
Unpacking libhtml-parser-perl:amd64 (3.81-1ubuntu0.1) over (3.81-1build3) ...
Preparing to unpack .../35-libhttp-date-perl_6.06-1ubuntu0.24.04.1_all.deb ...
Unpacking libhttp-date-perl (6.06-1ubuntu0.24.04.1) over (6.06-1) ...
Preparing to unpack .../36-libjbig2dec0_0.20-1ubuntu0.24.04.1_amd64.deb ...
Unpacking libjbig2dec0:amd64 (0.20-1ubuntu0.24.04.1) over (0.20-1build3) ...
Preparing to unpack .../37-libsmbclient0_2%3a4.19.5+dfsg-4ubuntu9.7_amd64.deb ...
Unpacking libsmbclient0:amd64 (2:4.19.5+dfsg-4ubuntu9.7) over (2:4.19.5+dfsg-4ubuntu9.6) ...
Preparing to unpack .../38-libldb2_2%3a2.8.0+samba4.19.5+dfsg-4ubuntu9.7_amd64.deb ...
Unpacking libldb2:amd64 (2:2.8.0+samba4.19.5+dfsg-4ubuntu9.7) over (2:2.8.0+samba4.19.5+dfsg-4ubuntu9.6) ...
Preparing to unpack .../39-samba-libs_2%3a4.19.5+dfsg-4ubuntu9.7_amd64.deb ...
Unpacking samba-libs:amd64 (2:4.19.5+dfsg-4ubuntu9.7) over (2:4.19.5+dfsg-4ubuntu9.6) ...
Preparing to unpack .../40-libwbclient0_2%3a4.19.5+dfsg-4ubuntu9.7_amd64.deb ...
Unpacking libwbclient0:amd64 (2:4.19.5+dfsg-4ubuntu9.7) over (2:4.19.5+dfsg-4ubuntu9.6) ...
Selecting previously unselected package libllvm19:amd64.
Preparing to unpack .../41-libllvm19_1%3a19.1.1-1ubuntu1~24.04.2_amd64.deb ...
Unpacking libllvm19:amd64 (1:19.1.1-1ubuntu1~24.04.2) ...
Preparing to unpack .../42-libpipewire-0.3-0t64_1.0.5-1ubuntu3.3_amd64.deb ...
Unpacking libpipewire-0.3-0t64:amd64 (1.0.5-1ubuntu3.3) over (1.0.5-1ubuntu3.2) ...
Preparing to unpack .../43-libspa-0.2-modules_1.0.5-1ubuntu3.3_amd64.deb ...
Unpacking libspa-0.2-modules:amd64 (1.0.5-1ubuntu3.3) over (1.0.5-1ubuntu3.2) ...
Preparing to unpack .../44-libpipewire-0.3-common_1.0.5-1ubuntu3.3_all.deb ...
Unpacking libpipewire-0.3-common (1.0.5-1ubuntu3.3) over (1.0.5-1ubuntu3.2) ...
Preparing to unpack .../45-libxfont2_1%3a2.0.6-1+deb13u1build0.24.04.2_amd64.deb ...
Unpacking libxfont2:amd64 (1:2.0.6-1+deb13u1build0.24.04.2) over (1:2.0.6-1build1) ...
Preparing to unpack .../46-libxpm4_1%3a3.5.17-1ubuntu0.24.04.1_amd64.deb ...
Unpacking libxpm4:amd64 (1:3.5.17-1ubuntu0.24.04.1) over (1:3.5.17-1build2) ...
Selecting previously unselected package linux-modules-7.0.0-1009-aws.
Preparing to unpack .../47-linux-modules-7.0.0-1009-aws_7.0.0-1009.9~24.04.1_amd64.deb ...
Unpacking linux-modules-7.0.0-1009-aws (7.0.0-1009.9~24.04.1) ...
Selecting previously unselected package linux-image-7.0.0-1009-aws.
Preparing to unpack .../48-linux-image-7.0.0-1009-aws_7.0.0-1009.9~24.04.1_amd64.deb ...
Unpacking linux-image-7.0.0-1009-aws (7.0.0-1009.9~24.04.1) ...
Preparing to unpack .../49-linux-aws_7.0.0-1009.9~24.04.1_amd64.deb ...
Unpacking linux-aws (7.0.0-1009.9~24.04.1) over (6.17.0-1019.19~24.04.1) ...
Preparing to unpack .../50-linux-image-aws_7.0.0-1009.9~24.04.1_amd64.deb ...
Unpacking linux-image-aws (7.0.0-1009.9~24.04.1) over (6.17.0-1019.19~24.04.1) ...
Selecting previously unselected package linux-aws-7.0-headers-7.0.0-1009.
Preparing to unpack .../51-linux-aws-7.0-headers-7.0.0-1009_7.0.0-1009.9~24.04.1_all.deb ...
Unpacking linux-aws-7.0-headers-7.0.0-1009 (7.0.0-1009.9~24.04.1) ...
Selecting previously unselected package linux-headers-7.0.0-1009-aws.
Preparing to unpack .../52-linux-headers-7.0.0-1009-aws_7.0.0-1009.9~24.04.1_amd64.deb ...
Unpacking linux-headers-7.0.0-1009-aws (7.0.0-1009.9~24.04.1) ...
Preparing to unpack .../53-linux-headers-aws_7.0.0-1009.9~24.04.1_amd64.deb ...
Unpacking linux-headers-aws (7.0.0-1009.9~24.04.1) over (6.17.0-1019.19~24.04.1) ...
Preparing to unpack .../54-linux-tools-common_6.8.0-136.136_all.deb ...
Unpacking linux-tools-common (6.8.0-136.136) over (6.8.0-134.134) ...
Selecting previously unselected package linux-aws-7.0-tools-7.0.0-1009.
Preparing to unpack .../55-linux-aws-7.0-tools-7.0.0-1009_7.0.0-1009.9~24.04.1_amd64.deb ...
Unpacking linux-aws-7.0-tools-7.0.0-1009 (7.0.0-1009.9~24.04.1) ...
Selecting previously unselected package linux-tools-7.0.0-1009-aws.
Preparing to unpack .../56-linux-tools-7.0.0-1009-aws_7.0.0-1009.9~24.04.1_amd64.deb ...
Unpacking linux-tools-7.0.0-1009-aws (7.0.0-1009.9~24.04.1) ...
Preparing to unpack .../57-python3-httplib2_0.20.4-3ubuntu0.1_all.deb ...
Unpacking python3-httplib2 (0.20.4-3ubuntu0.1) over (0.20.4-3) ...
Preparing to unpack .../58-python3-idna_3.6-2ubuntu0.2_all.deb ...
Unpacking python3-idna (3.6-2ubuntu0.2) over (3.6-2ubuntu0.1) ...
Preparing to unpack .../59-snapd_2.76+ubuntu24.04.1_amd64.deb ...
Unpacking snapd (2.76+ubuntu24.04.1) over (2.75.2+ubuntu24.04) ...
Setting up libpipewire-0.3-common (1.0.5-1ubuntu3.3) ...
Setting up snapd (2.76+ubuntu24.04.1) ...
Installing new version of config file /etc/apparmor.d/usr.lib.snapd.snap-confine.real ...
snapd.failure.service is a disabled or a static unit not running, not starting it.
snapd.gpio-chardev-setup.target is a disabled or a static unit not running, not starting it.
snapd.snap-repair.service is a disabled or a static unit not running, not starting it.
Setting up libllvm19:amd64 (1:19.1.1-1ubuntu1~24.04.2) ...
Setting up libhttp-date-perl (6.06-1ubuntu0.24.04.1) ...
Setting up linux-aws-7.0-headers-7.0.0-1009 (7.0.0-1009.9~24.04.1) ...
Setting up libxpm4:amd64 (1:3.5.17-1ubuntu0.24.04.1) ...
Setting up wget (1.21.4-1ubuntu4.4) ...
Setting up libdebuginfod-common (0.190-1.1ubuntu0.1) ...
Setting up libntfs-3g89t64:amd64 (1:2022.10.3-1.2ubuntu3.2) ...
Setting up gawk (1:5.2.1-2ubuntu0.1) ...
Setting up distro-info-data (0.72-0ubuntu0.24.04.1) ...
Setting up libsqlite3-0:amd64 (3.45.1-1ubuntu2.7) ...
Setting up rsyslog (8.2312.0-3ubuntu9.3) ...
info: The user `syslog' is already a member of `adm'.
Setting up linux-libc-dev:amd64 (6.8.0-136.136) ...
Setting up krb5-locales (1.20.1-6ubuntu2.7) ...
Setting up dnsmasq-base (2.90-2ubuntu0.4) ...
Setting up locales (2.39-0ubuntu8.8) ...
Generating locales (this might take a while)...
  en_US.UTF-8... done
Generation complete.
Setting up libgphoto2-l10n (2.5.31-2.1ubuntu1.1) ...
Setting up libwbclient0:amd64 (2:4.19.5+dfsg-4ubuntu9.7) ...
Setting up xxd (2:9.1.0016-1ubuntu7.18) ...
Setting up ntfs-3g (1:2022.10.3-1.2ubuntu3.2) ...
Setting up libkrb5support0:amd64 (1.20.1-6ubuntu2.7) ...
Setting up tzdata (2026c-0ubuntu0.24.04.1) ...

Current default time zone: 'Etc/UTC'
Local time is now:      Sat Aug  1 20:25:13 UTC 2026.
Universal Time is now:  Sat Aug  1 20:25:13 UTC 2026.
Run 'dpkg-reconfigure tzdata' if you wish to change it.

Setting up libasound2-data (1.2.11-1ubuntu0.3) ...
Setting up libgstreamer-plugins-good1.0-0:amd64 (1.24.2-1ubuntu1.5) ...
Setting up vim-common (2:9.1.0016-1ubuntu7.18) ...
Setting up libasound2t64:amd64 (1.2.11-1ubuntu0.3) ...
Setting up libspa-0.2-modules:amd64 (1.0.5-1ubuntu3.3) ...
Setting up libjbig2dec0:amd64 (0.20-1ubuntu0.24.04.1) ...
Setting up python3-idna (3.6-2ubuntu0.2) ...
Setting up gh (2.97.0) ...
Setting up libk5crypto3:amd64 (1.20.1-6ubuntu2.7) ...
Setting up libhtml-parser-perl:amd64 (3.81-1ubuntu0.1) ...
Setting up python3-httplib2 (0.20.4-3ubuntu0.1) ...
Setting up libkrb5-3:amd64 (1.20.1-6ubuntu2.7) ...
Setting up libgphoto2-port12t64:amd64 (2.5.31-2.1ubuntu1.1) ...
Setting up libaccountsservice0:amd64 (23.13.9-2ubuntu6.1) ...
Setting up vim-runtime (2:9.1.0016-1ubuntu7.18) ...
Setting up libc-dev-bin (2.39-0ubuntu8.8) ...
Setting up libldb2:amd64 (2:2.8.0+samba4.19.5+dfsg-4ubuntu9.7) ...
Setting up openssl (3.0.13-0ubuntu3.12) ...
Setting up linux-headers-7.0.0-1009-aws (7.0.0-1009.9~24.04.1) ...
Setting up linux-tools-common (6.8.0-136.136) ...
Setting up libarchive13t64:amd64 (3.7.2-2ubuntu0.8) ...
Setting up libxfont2:amd64 (1:2.0.6-1+deb13u1build0.24.04.2) ...
Setting up libpipewire-0.3-0t64:amd64 (1.0.5-1ubuntu3.3) ...
Setting up ubuntu-pro-client (37.2ubuntu~24.04.1) ...
Setting up accountsservice (23.13.9-2ubuntu6.1) ...
Setting up libc-devtools (2.39-0ubuntu8.8) ...
Setting up ubuntu-pro-client-l10n (37.2ubuntu~24.04.1) ...
Setting up code (1.131.0-1785237861) ...
Setting up libdebuginfod1t64:amd64 (0.190-1.1ubuntu0.1) ...
Setting up google-chrome-stable (151.0.7922.71-1) ...
Setting up vim (2:9.1.0016-1ubuntu7.18) ...
Setting up gstreamer1.0-plugins-good:amd64 (1.24.2-1ubuntu1.5) ...
Setting up linux-headers-aws (7.0.0-1009.9~24.04.1) ...
Setting up samba-libs:amd64 (2:4.19.5+dfsg-4ubuntu9.7) ...
Setting up vim-tiny (2:9.1.0016-1ubuntu7.18) ...
Setting up tzdata-legacy (2026c-0ubuntu0.24.04.1) ...
Setting up libgphoto2-6t64:amd64 (2.5.31-2.1ubuntu1.1) ...
Removing 'diversion of /lib/udev/hwdb.d/20-libgphoto2-6.hwdb to /lib/udev/hwdb.d/20-libgphoto2-6.hwdb.usr-is-merged by usr-is-merged'
Removing 'diversion of /lib/udev/rules.d/60-libgphoto2-6.rules to /lib/udev/rules.d/60-libgphoto2-6.rules.usr-is-merged by usr-is-merged'
Setting up libgssapi-krb5-2:amd64 (1.20.1-6ubuntu2.7) ...
Setting up libc6-dev:amd64 (2.39-0ubuntu8.8) ...
Setting up libsmbclient0:amd64 (2:4.19.5+dfsg-4ubuntu9.7) ...
Setting up linux-aws-7.0-tools-7.0.0-1009 (7.0.0-1009.9~24.04.1) ...
Setting up linux-tools-7.0.0-1009-aws (7.0.0-1009.9~24.04.1) ...
Setting up linux-modules-7.0.0-1009-aws (7.0.0-1009.9~24.04.1) ...
Setting up linux-image-7.0.0-1009-aws (7.0.0-1009.9~24.04.1) ...
I: /boot/vmlinuz.old is now a symlink to vmlinuz-6.17.0-1019-aws
I: /boot/initrd.img.old is now a symlink to initrd.img-6.17.0-1019-aws
I: /boot/vmlinuz is now a symlink to vmlinuz-7.0.0-1009-aws
I: /boot/initrd.img is now a symlink to initrd.img-7.0.0-1009-aws
Setting up libheif-plugin-aomdec:amd64 (1.17.6-1ubuntu4.6) ...
Setting up linux-image-aws (7.0.0-1009.9~24.04.1) ...
Setting up linux-aws (7.0.0-1009.9~24.04.1) ...
Setting up libheif1:amd64 (1.17.6-1ubuntu4.6) ...
Setting up libheif-plugin-aomenc:amd64 (1.17.6-1ubuntu4.6) ...
Processing triggers for libc-bin (2.39-0ubuntu8.8) ...
Processing triggers for man-db (2.12.0-4build2) ...
Processing triggers for dbus (1.14.10-4ubuntu4.1) ...
Processing triggers for shared-mime-info (2.4-4) ...
Processing triggers for udev (255.4-1ubuntu8.16) ...
Processing triggers for install-info (7.1-3build2) ...
Processing triggers for bamfdaemon (0.5.6+22.04.20220217-0ubuntu5) ...
Rebuilding /usr/share/applications/bamf-2.index...
Processing triggers for desktop-file-utils (0.27-2build1) ...
Processing triggers for initramfs-tools (0.142ubuntu25.8) ...
update-initramfs: Generating /boot/initrd.img-6.17.0-1019-aws
Processing triggers for hicolor-icon-theme (0.17-2) ...
Processing triggers for gnome-menus (3.36.0-1.1ubuntu3) ...
Processing triggers for linux-image-7.0.0-1009-aws (7.0.0-1009.9~24.04.1) ...
/etc/kernel/postinst.d/initramfs-tools:
update-initramfs: Generating /boot/initrd.img-7.0.0-1009-aws
/etc/kernel/postinst.d/zz-update-grub:
Sourcing file `/etc/default/grub'
Sourcing file `/etc/default/grub.d/40-force-partuuid.cfg'
Sourcing file `/etc/default/grub.d/50-cloudimg-settings.cfg'
Generating grub configuration file ...
GRUB_FORCE_PARTUUID is set, will attempt initrdless boot
Found linux image: /boot/vmlinuz-7.0.0-1009-aws
Found initrd image: /boot/microcode.cpio /boot/initrd.img-7.0.0-1009-aws
Found linux image: /boot/vmlinuz-6.17.0-1019-aws
Found initrd image: /boot/microcode.cpio /boot/initrd.img-6.17.0-1019-aws
Found linux image: /boot/vmlinuz-6.17.0-1017-aws
Found initrd image: /boot/microcode.cpio /boot/initrd.img-6.17.0-1017-aws
Warning: os-prober will not be executed to detect other bootable partitions.
Systems on them will not be added to the GRUB boot configuration.
Check GRUB_DISABLE_OS_PROBER documentation entry.
Adding boot menu entry for UEFI Firmware Settings ...
done
[INFO] Installing or repairing manifest-required CVD packages.
Reading package lists...
Building dependency tree...
Reading state information...
ca-certificates is already the newest version (20260601~24.04.1).
ca-certificates set to manually installed.
code is already the newest version (1.131.0-1785237861).
curl is already the newest version (8.5.0-2ubuntu10.11).
curl set to manually installed.
desktop-file-utils is already the newest version (0.27-2build1).
desktop-file-utils set to manually installed.
gh is already the newest version (2.97.0).
git is already the newest version (1:2.43.0-1ubuntu7.3).
gpg is already the newest version (2.4.4-2ubuntu17.4).
libsecret-1-0 is already the newest version (0.21.4-1build3).
libsecret-1-0 set to manually installed.
python3.12 is already the newest version (3.12.3-1ubuntu0.15).
python3.12 set to manually installed.
python3.12-venv is already the newest version (3.12.3-1ubuntu0.15).
python3.12-venv set to manually installed.
tree is already the newest version (2.1.1-2ubuntu3.24.04.2).
xdg-utils is already the newest version (1.1.3-4.1ubuntu3).
xdg-utils set to manually installed.
The following packages were automatically installed and are no longer required:
  linux-aws-6.17-headers-6.17.0-1017 linux-aws-6.17-tools-6.17.0-1017
  linux-headers-6.17.0-1017-aws linux-image-6.17.0-1017-aws
  linux-modules-6.17.0-1017-aws linux-tools-6.17.0-1017-aws
Use 'sudo apt autoremove' to remove them.
The following NEW packages will be installed:
  xclip
0 upgraded, 1 newly installed, 0 to remove and 0 not upgraded.
Need to get 17.6 kB of archives.
After this operation, 54.3 kB of additional disk space will be used.
Get:1 http://us-east-1.ec2.archive.ubuntu.com/ubuntu noble/universe amd64 xclip amd64 0.13-3 [17.6 kB]
Fetched 17.6 kB in 0s (902 kB/s)
Selecting previously unselected package xclip.
(Reading database ...
(Reading database ... 5%
(Reading database ... 10%
(Reading database ... 15%
(Reading database ... 20%
(Reading database ... 25%
(Reading database ... 30%
(Reading database ... 35%
(Reading database ... 40%
(Reading database ... 45%
(Reading database ... 50%
(Reading database ... 55%
(Reading database ... 60%
(Reading database ... 65%
(Reading database ... 70%
(Reading database ... 75%
(Reading database ... 80%
(Reading database ... 85%
(Reading database ... 90%
(Reading database ... 95%
(Reading database ... 100%
(Reading database ... 203901 files and directories currently installed.)
Preparing to unpack .../xclip_0.13-3_amd64.deb ...
Unpacking xclip (0.13-3) ...
Setting up xclip (0.13-3) ...
Processing triggers for man-db (2.12.0-4build2) ...
[SUCCESS] Required Ubuntu packages are current.
Reading package lists...
Building dependency tree...
Reading state information...
The following packages were automatically installed and are no longer required:
  linux-aws-6.17-headers-6.17.0-1017 linux-aws-6.17-tools-6.17.0-1017
  linux-headers-6.17.0-1017-aws linux-image-6.17.0-1017-aws
  linux-modules-6.17.0-1017-aws linux-tools-6.17.0-1017-aws
Use 'sudo apt autoremove' to remove them.
The following NEW packages will be installed:
  numlockx
0 upgraded, 1 newly installed, 0 to remove and 0 not upgraded.
Need to get 7732 B of archives.
After this operation, 36.9 kB of additional disk space will be used.
Get:1 http://us-east-1.ec2.archive.ubuntu.com/ubuntu noble/universe amd64 numlockx amd64 1.2-9build1 [7732 B]
Fetched 7732 B in 0s (286 kB/s)
Selecting previously unselected package numlockx.
(Reading database ...
(Reading database ... 5%
(Reading database ... 10%
(Reading database ... 15%
(Reading database ... 20%
(Reading database ... 25%
(Reading database ... 30%
(Reading database ... 35%
(Reading database ... 40%
(Reading database ... 45%
(Reading database ... 50%
(Reading database ... 55%
(Reading database ... 60%
(Reading database ... 65%
(Reading database ... 70%
(Reading database ... 75%
(Reading database ... 80%
(Reading database ... 85%
(Reading database ... 90%
(Reading database ... 95%
(Reading database ... 100%
(Reading database ... 203913 files and directories currently installed.)
Preparing to unpack .../numlockx_1.2-9build1_amd64.deb ...
Unpacking numlockx (1.2-9build1) ...
Setting up numlockx (1.2-9build1) ...
Processing triggers for man-db (2.12.0-4build2) ...
[SUCCESS] Optional Num Lock integration is available.
Reading package lists...
Building dependency tree...
Reading state information...
The following packages will be REMOVED:
  linux-aws-6.17-headers-6.17.0-1017* linux-aws-6.17-tools-6.17.0-1017*
  linux-headers-6.17.0-1017-aws* linux-image-6.17.0-1017-aws*
  linux-modules-6.17.0-1017-aws* linux-tools-6.17.0-1017-aws*
0 upgraded, 0 newly installed, 6 to remove and 0 not upgraded.
After this operation, 197 MB disk space will be freed.
(Reading database ...
(Reading database ... 5%
(Reading database ... 10%
(Reading database ... 15%
(Reading database ... 20%
(Reading database ... 25%
(Reading database ... 30%
(Reading database ... 35%
(Reading database ... 40%
(Reading database ... 45%
(Reading database ... 50%
(Reading database ... 55%
(Reading database ... 60%
(Reading database ... 65%
(Reading database ... 70%
(Reading database ... 75%
(Reading database ... 80%
(Reading database ... 85%
(Reading database ... 90%
(Reading database ... 95%
(Reading database ... 100%
(Reading database ... 203918 files and directories currently installed.)
Removing linux-headers-6.17.0-1017-aws (6.17.0-1017.17~24.04.1) ...
Removing linux-aws-6.17-headers-6.17.0-1017 (6.17.0-1017.17~24.04.1) ...
Removing linux-tools-6.17.0-1017-aws (6.17.0-1017.17~24.04.1) ...
Removing linux-aws-6.17-tools-6.17.0-1017 (6.17.0-1017.17~24.04.1) ...
Removing linux-image-6.17.0-1017-aws (6.17.0-1017.17~24.04.1) ...
/etc/kernel/postrm.d/initramfs-tools:
update-initramfs: Deleting /boot/initrd.img-6.17.0-1017-aws
/etc/kernel/postrm.d/zz-update-grub:
Sourcing file `/etc/default/grub'
Sourcing file `/etc/default/grub.d/40-force-partuuid.cfg'
Sourcing file `/etc/default/grub.d/50-cloudimg-settings.cfg'
Generating grub configuration file ...
GRUB_FORCE_PARTUUID is set, will attempt initrdless boot
Found linux image: /boot/vmlinuz-7.0.0-1009-aws
Found initrd image: /boot/microcode.cpio /boot/initrd.img-7.0.0-1009-aws
Found linux image: /boot/vmlinuz-6.17.0-1019-aws
Found initrd image: /boot/microcode.cpio /boot/initrd.img-6.17.0-1019-aws
Warning: os-prober will not be executed to detect other bootable partitions.
Systems on them will not be added to the GRUB boot configuration.
Check GRUB_DISABLE_OS_PROBER documentation entry.
Adding boot menu entry for UEFI Firmware Settings ...
done
Removing linux-modules-6.17.0-1017-aws (6.17.0-1017.17~24.04.1) ...
(Reading database ...
(Reading database ... 5%
(Reading database ... 10%
(Reading database ... 15%
(Reading database ... 20%
(Reading database ... 25%
(Reading database ... 30%
(Reading database ... 35%
(Reading database ... 40%
(Reading database ... 45%
(Reading database ... 50%
(Reading database ... 55%
(Reading database ... 60%
(Reading database ... 65%
(Reading database ... 70%
(Reading database ... 75%
(Reading database ... 80%
(Reading database ... 85%
(Reading database ... 90%
(Reading database ... 95%
(Reading database ... 100%
(Reading database ... 171667 files and directories currently installed.)
Purging configuration files for linux-image-6.17.0-1017-aws (6.17.0-1017.17~24.04.1) ...
Purging configuration files for linux-modules-6.17.0-1017-aws (6.17.0-1017.17~24.04.1) ...
[INFO] Creating the course Python virtual environment.
Requirement already satisfied: pip in ./it140/.venv/lib/python3.12/site-packages (24.0)
Collecting pip
  Downloading pip-26.2-py3-none-any.whl.metadata (4.6 kB)
Collecting setuptools
  Downloading setuptools-83.0.0-py3-none-any.whl.metadata (6.6 kB)
Collecting wheel
  Downloading wheel-0.47.0-py3-none-any.whl.metadata (2.3 kB)
Collecting packaging>=24.0 (from wheel)
  Downloading packaging-26.2-py3-none-any.whl.metadata (3.5 kB)
Downloading pip-26.2-py3-none-any.whl (1.8 MB)
   \u2501\u2501\u2501\u2501\u2501\u2501\u2501\u2501\u2501\u2501\u2501\u2501\u2501\u2501\u2501\u2501\u2501\u2501\u2501\u2501\u2501\u2501\u2501\u2501\u2501\u2501\u2501\u2501\u2501\u2501\u2501\u2501\u2501\u2501\u2501\u2501\u2501\u2501\u2501\u2501 1.8/1.8 MB 41.7 MB/s eta 0:00:00
Downloading setuptools-83.0.0-py3-none-any.whl (1.0 MB)
   \u2501\u2501\u2501\u2501\u2501\u2501\u2501\u2501\u2501\u2501\u2501\u2501\u2501\u2501\u2501\u2501\u2501\u2501\u2501\u2501\u2501\u2501\u2501\u2501\u2501\u2501\u2501\u2501\u2501\u2501\u2501\u2501\u2501\u2501\u2501\u2501\u2501\u2501\u2501\u2501 1.0/1.0 MB 57.6 MB/s eta 0:00:00
Downloading wheel-0.47.0-py3-none-any.whl (32 kB)
Downloading packaging-26.2-py3-none-any.whl (100 kB)
   \u2501\u2501\u2501\u2501\u2501\u2501\u2501\u2501\u2501\u2501\u2501\u2501\u2501\u2501\u2501\u2501\u2501\u2501\u2501\u2501\u2501\u2501\u2501\u2501\u2501\u2501\u2501\u2501\u2501\u2501\u2501\u2501\u2501\u2501\u2501\u2501\u2501\u2501\u2501\u2501 100.2/100.2 kB 9.2 MB/s eta 0:00:00
Installing collected packages: setuptools, pip, packaging, wheel
  Attempting uninstall: pip
    Found existing installation: pip 24.0
    Uninstalling pip-24.0:
      Successfully uninstalled pip-24.0
Successfully installed packaging-26.2 pip-26.2 setuptools-83.0.0 wheel-0.47.0
Collecting pytest
  Using cached pytest-9.1.1-py3-none-any.whl.metadata (7.6 kB)
Collecting pytest-cov
  Using cached pytest_cov-7.1.0-py3-none-any.whl.metadata (32 kB)
Collecting ruff
  Downloading ruff-0.16.1-py3-none-manylinux_2_17_x86_64.manylinux2014_x86_64.whl.metadata (26 kB)
Collecting iniconfig>=1.0.1 (from pytest)
  Using cached iniconfig-2.3.0-py3-none-any.whl.metadata (2.5 kB)
Requirement already satisfied: packaging>=22 in ./it140/.venv/lib/python3.12/site-packages (from pytest) (26.2)
Collecting pluggy<2,>=1.5 (from pytest)
  Using cached pluggy-1.6.0-py3-none-any.whl.metadata (4.8 kB)
Collecting pygments>=2.7.2 (from pytest)
  Downloading pygments-2.20.0-py3-none-any.whl.metadata (2.5 kB)
Collecting coverage>=7.10.6 (from coverage[toml]>=7.10.6->pytest-cov)
  Downloading coverage-7.15.2-cp312-cp312-manylinux1_x86_64.manylinux_2_28_x86_64.manylinux_2_5_x86_64.whl.metadata (8.6 kB)
Using cached pytest-9.1.1-py3-none-any.whl (386 kB)
Using cached pluggy-1.6.0-py3-none-any.whl (20 kB)
Using cached pytest_cov-7.1.0-py3-none-any.whl (22 kB)
Downloading ruff-0.16.1-py3-none-manylinux_2_17_x86_64.manylinux2014_x86_64.whl (11.5 MB)
   \u2501\u2501\u2501\u2501\u2501\u2501\u2501\u2501\u2501\u2501\u2501\u2501\u2501\u2501\u2501\u2501\u2501\u2501\u2501\u2501\u2501\u2501\u2501\u2501\u2501\u2501\u2501\u2501\u2501\u2501\u2501\u2501\u2501\u2501\u2501\u2501\u2501\u2501\u2501\u2501 11.5/11.5 MB 167.5 MB/s  0:00:00
Downloading coverage-7.15.2-cp312-cp312-manylinux1_x86_64.manylinux_2_28_x86_64.manylinux_2_5_x86_64.whl (256 kB)
Using cached iniconfig-2.3.0-py3-none-any.whl (7.5 kB)
Downloading pygments-2.20.0-py3-none-any.whl (1.2 MB)
   \u2501\u2501\u2501\u2501\u2501\u2501\u2501\u2501\u2501\u2501\u2501\u2501\u2501\u2501\u2501\u2501\u2501\u2501\u2501\u2501\u2501\u2501\u2501\u2501\u2501\u2501\u2501\u2501\u2501\u2501\u2501\u2501\u2501\u2501\u2501\u2501\u2501\u2501\u2501\u2501 1.2/1.2 MB 86.1 MB/s  0:00:00
Installing collected packages: ruff, pygments, pluggy, iniconfig, coverage, pytest, pytest-cov

Successfully installed coverage-7.15.2 iniconfig-2.3.0 pluggy-1.6.0 pygments-2.20.0 pytest-9.1.1 pytest-cov-7.1.0 ruff-0.16.1
[SUCCESS] Course Python tools are current.
Installing extensions...
(node:16668) [DEP0169] DeprecationWarning: `url.parse()` behavior is not standardized and prone to errors that have security implications. Use the WHATWG URL API instead. CVEs are not issued for `url.parse()` vulnerabilities.
(Use `code --trace-deprecation ...` to show where the warning was created)
Extension 'ms-python.python' is already installed.
Installing extensions...
(node:16689) [DEP0169] DeprecationWarning: `url.parse()` behavior is not standardized and prone to errors that have security implications. Use the WHATWG URL API instead. CVEs are not issued for `url.parse()` vulnerabilities.
(Use `code --trace-deprecation ...` to show where the warning was created)
Updating the extension 'charliermarsh.ruff' to the version 2026.68.0
Installing extension 'charliermarsh.ruff'...
Extension 'charliermarsh.ruff' v2026.68.0 was successfully installed.
Installing extensions...
(node:16724) [DEP0169] DeprecationWarning: `url.parse()` behavior is not standardized and prone to errors that have security implications. Use the WHATWG URL API instead. CVEs are not issued for `url.parse()` vulnerabilities.
(Use `code --trace-deprecation ...` to show where the warning was created)
Extension 'hediet.vscode-drawio' is already installed.
Installing extensions...
(node:16745) [DEP0169] DeprecationWarning: `url.parse()` behavior is not standardized and prone to errors that have security implications. Use the WHATWG URL API instead. CVEs are not issued for `url.parse()` vulnerabilities.
(Use `code --trace-deprecation ...` to show where the warning was created)
Extension 'i2p-hub.i2p-pseudo' is already installed.
Installing extensions...
(node:16766) [DEP0169] DeprecationWarning: `url.parse()` behavior is not standardized and prone to errors that have security implications. Use the WHATWG URL API instead. CVEs are not issued for `url.parse()` vulnerabilities.
(Use `code --trace-deprecation ...` to show where the warning was created)
Extension 'streetsidesoftware.code-spell-checker' is already installed.
Installing extensions...
(node:16787) [DEP0169] DeprecationWarning: `url.parse()` behavior is not standardized and prone to errors that have security implications. Use the WHATWG URL API instead. CVEs are not issued for `url.parse()` vulnerabilities.
(Use `code --trace-deprecation ...` to show where the warning was created)
Updating the extension 'cweijan.vscode-office' to the version 4.1.8
Installing extension 'cweijan.vscode-office'...
Extension 'cweijan.vscode-office' v4.1.8 was successfully installed.
[SUCCESS] Required Visual Studio Code extensions are current.
[NOTICE] Ubuntu reports that a CVD restart is required before the lifecycle can continue.
[SUCCESS] Post-update checks completed.

============================================================
UPDATE SUMMARY
============================================================
Conclusion      : Required update operations completed.
Result          : PASS
Script version  : 0.7.1-alpha.1
Version DTG     : 2026-08-01-16-05
Manifest release: 0.7.0
Manifest DTG    : 2026-08-01-10-43
Warnings        : 0
Failures        : 0
Restart required: Yes
Start time      : 2026-08-01T20:23:10+00:00
End time        : 2026-08-01T20:27:03+00:00
Managed changes : Yes
Elapsed time    : 233 seconds
Next step       : Save your work, restart the CVD, open Terminal, and rerun update_ide.sh.
Log file        : /home/ubuntu/it140/logs/update_cvd_20260801_202310.log
Exit code       : 0
[SUCCESS] The IT 140 CVD update completed successfully.
[NOTICE] Review the summary and log before closing this Terminal.
