
============================================================
IT 140 CODIO VIRTUAL DESKTOP UPDATE
============================================================
[INFO] Script version: 2026.07.26.2
[INFO] Current user  : ubuntu
[INFO] Purpose       : Maintain approved software and course-managed assets.
[INFO] Log file      : /home/ubuntu/it140/logs/update_cvd_20260726_132958.log
[NOTICE] The update will not upgrade Ubuntu to a different release.
[NOTICE] Keep this terminal window open until the update finishes.
[SUCCESS] Installed manifest release 2026.07.25.2 validated.
[NOTICE] IT 140 user configuration is not complete.
[NOTICE] The Update Summary will direct you to config_cvd.sh.

============================================================
Step 1: Synchronize Course Automation Assets
============================================================
[INFO] Retrieving the approved course repository into private staging...
Cloning into '/tmp/tmp.ylqvKIkpHQ/it140'...
[SUCCESS] Staged manifest release 2026.07.25.2 validated.
[SUCCESS] config_cvd.sh 2026.07.25.2 synchronized.
[SUCCESS] verify_cvd.sh 2026.07.25.2 synchronized.
[SUCCESS] update_cvd.sh 2026.07.26.2 synchronized.
[SUCCESS] Course-managed assets are active and valid.

============================================================
Step 2: Update Ubuntu and Required System Software
============================================================
Get:1 http://us-east-1.ec2.archive.ubuntu.com/ubuntu noble InRelease [256 kB]
Get:2 https://cli.github.com/packages stable InRelease [3917 B]
Get:3 http://us-east-1.ec2.archive.ubuntu.com/ubuntu noble-updates InRelease [126 kB]
Get:4 http://us-east-1.ec2.archive.ubuntu.com/ubuntu noble-backports InRelease [126 kB]
Get:5 https://dl.google.com/linux/chrome-stable/deb stable InRelease [2548 B]
Get:6 https://packages.microsoft.com/repos/code stable InRelease [3590 B]
Get:7 http://security.ubuntu.com/ubuntu noble-security InRelease [126 kB]
Get:8 http://us-east-1.ec2.archive.ubuntu.com/ubuntu noble/main amd64 Packages [1401 kB]
Get:9 http://us-east-1.ec2.archive.ubuntu.com/ubuntu noble/main Translation-en [513 kB]
Get:10 http://us-east-1.ec2.archive.ubuntu.com/ubuntu noble/main amd64 Components [464 kB]
Get:11 http://us-east-1.ec2.archive.ubuntu.com/ubuntu noble/main amd64 c-n-f Metadata [30.5 kB]
Get:12 http://us-east-1.ec2.archive.ubuntu.com/ubuntu noble/universe amd64 Packages [15.0 MB]
Get:13 https://cli.github.com/packages stable/main amd64 Packages [355 B]
Get:14 http://us-east-1.ec2.archive.ubuntu.com/ubuntu noble/universe Translation-en [5982 kB]
Get:15 http://us-east-1.ec2.archive.ubuntu.com/ubuntu noble/universe amd64 Components [3871 kB]
Get:16 http://us-east-1.ec2.archive.ubuntu.com/ubuntu noble/universe amd64 c-n-f Metadata [301 kB]
Get:17 http://us-east-1.ec2.archive.ubuntu.com/ubuntu noble/restricted amd64 Packages [93.9 kB]
Get:18 http://us-east-1.ec2.archive.ubuntu.com/ubuntu noble/restricted Translation-en [18.7 kB]
Get:19 http://us-east-1.ec2.archive.ubuntu.com/ubuntu noble/restricted amd64 c-n-f Metadata [416 B]
Get:20 http://us-east-1.ec2.archive.ubuntu.com/ubuntu noble/multiverse amd64 Packages [269 kB]
Get:21 http://us-east-1.ec2.archive.ubuntu.com/ubuntu noble/multiverse Translation-en [118 kB]
Get:22 https://dl.google.com/linux/chrome-stable/deb stable/main amd64 Packages [1428 B]
Get:23 http://us-east-1.ec2.archive.ubuntu.com/ubuntu noble/multiverse amd64 Components [35.0 kB]
Get:24 http://us-east-1.ec2.archive.ubuntu.com/ubuntu noble/multiverse amd64 c-n-f Metadata [8328 B]
Get:25 http://us-east-1.ec2.archive.ubuntu.com/ubuntu noble-updates/main amd64 Packages [1141 kB]
Get:26 http://us-east-1.ec2.archive.ubuntu.com/ubuntu noble-updates/main Translation-en [276 kB]
Get:27 http://us-east-1.ec2.archive.ubuntu.com/ubuntu noble-updates/main amd64 Components [180 kB]
Get:28 http://us-east-1.ec2.archive.ubuntu.com/ubuntu noble-updates/main amd64 c-n-f Metadata [17.7 kB]
Get:29 http://us-east-1.ec2.archive.ubuntu.com/ubuntu noble-updates/universe amd64 Packages [1676 kB]
Get:30 https://packages.microsoft.com/repos/code stable/main amd64 Packages [27.1 kB]
Get:31 http://us-east-1.ec2.archive.ubuntu.com/ubuntu noble-updates/universe Translation-en [333 kB]
Get:32 http://us-east-1.ec2.archive.ubuntu.com/ubuntu noble-updates/universe amd64 Components [388 kB]
Get:33 http://us-east-1.ec2.archive.ubuntu.com/ubuntu noble-updates/universe amd64 c-n-f Metadata [34.9 kB]
Get:34 http://us-east-1.ec2.archive.ubuntu.com/ubuntu noble-updates/restricted amd64 Packages [1348 kB]
Get:35 http://us-east-1.ec2.archive.ubuntu.com/ubuntu noble-updates/restricted Translation-en [302 kB]
Get:36 http://us-east-1.ec2.archive.ubuntu.com/ubuntu noble-updates/restricted amd64 Components [212 B]
Get:37 http://us-east-1.ec2.archive.ubuntu.com/ubuntu noble-updates/restricted amd64 c-n-f Metadata [456 B]
Get:38 http://us-east-1.ec2.archive.ubuntu.com/ubuntu noble-updates/multiverse amd64 Packages [45.4 kB]
Get:39 http://us-east-1.ec2.archive.ubuntu.com/ubuntu noble-updates/multiverse Translation-en [12.1 kB]
Get:40 http://us-east-1.ec2.archive.ubuntu.com/ubuntu noble-updates/multiverse amd64 Components [940 B]
Get:41 http://us-east-1.ec2.archive.ubuntu.com/ubuntu noble-updates/multiverse amd64 c-n-f Metadata [656 B]
Get:42 http://us-east-1.ec2.archive.ubuntu.com/ubuntu noble-backports/main amd64 Packages [40.6 kB]
Get:43 http://us-east-1.ec2.archive.ubuntu.com/ubuntu noble-backports/main Translation-en [9172 B]
Get:44 http://us-east-1.ec2.archive.ubuntu.com/ubuntu noble-backports/main amd64 Components [5760 B]
Get:45 http://us-east-1.ec2.archive.ubuntu.com/ubuntu noble-backports/main amd64 c-n-f Metadata [368 B]
Get:46 http://us-east-1.ec2.archive.ubuntu.com/ubuntu noble-backports/universe amd64 Packages [32.5 kB]
Get:47 http://us-east-1.ec2.archive.ubuntu.com/ubuntu noble-backports/universe Translation-en [18.6 kB]
Get:48 http://us-east-1.ec2.archive.ubuntu.com/ubuntu noble-backports/universe amd64 Components [12.7 kB]
Get:49 http://us-east-1.ec2.archive.ubuntu.com/ubuntu noble-backports/universe amd64 c-n-f Metadata [1588 B]
Get:50 http://us-east-1.ec2.archive.ubuntu.com/ubuntu noble-backports/restricted amd64 Components [212 B]
Get:51 http://us-east-1.ec2.archive.ubuntu.com/ubuntu noble-backports/restricted amd64 c-n-f Metadata [116 B]
Get:52 http://us-east-1.ec2.archive.ubuntu.com/ubuntu noble-backports/multiverse amd64 Packages [748 B]
Get:53 http://us-east-1.ec2.archive.ubuntu.com/ubuntu noble-backports/multiverse Translation-en [340 B]
Get:54 http://us-east-1.ec2.archive.ubuntu.com/ubuntu noble-backports/multiverse amd64 Components [212 B]
Get:55 http://us-east-1.ec2.archive.ubuntu.com/ubuntu noble-backports/multiverse amd64 c-n-f Metadata [116 B]
Get:56 http://security.ubuntu.com/ubuntu noble-security/main amd64 Packages [881 kB]
Get:57 http://security.ubuntu.com/ubuntu noble-security/main Translation-en [196 kB]
Get:58 http://security.ubuntu.com/ubuntu noble-security/main amd64 Components [46.3 kB]
Get:59 http://security.ubuntu.com/ubuntu noble-security/main amd64 c-n-f Metadata [11.9 kB]
Get:60 http://security.ubuntu.com/ubuntu noble-security/universe amd64 Packages [1197 kB]
Get:61 http://security.ubuntu.com/ubuntu noble-security/universe Translation-en [238 kB]
Get:62 http://security.ubuntu.com/ubuntu noble-security/universe amd64 Components [76.4 kB]
Get:63 http://security.ubuntu.com/ubuntu noble-security/universe amd64 c-n-f Metadata [24.2 kB]
Get:64 http://security.ubuntu.com/ubuntu noble-security/restricted amd64 Packages [1240 kB]
Get:65 http://security.ubuntu.com/ubuntu noble-security/restricted Translation-en [281 kB]
Get:66 http://security.ubuntu.com/ubuntu noble-security/restricted amd64 Components [212 B]
Get:67 http://security.ubuntu.com/ubuntu noble-security/restricted amd64 c-n-f Metadata [444 B]
Get:68 http://security.ubuntu.com/ubuntu noble-security/multiverse amd64 Packages [40.3 kB]
Get:69 http://security.ubuntu.com/ubuntu noble-security/multiverse Translation-en [10.4 kB]
Get:70 http://security.ubuntu.com/ubuntu noble-security/multiverse amd64 Components [208 B]
Get:71 http://security.ubuntu.com/ubuntu noble-security/multiverse amd64 c-n-f Metadata [468 B]
Fetched 38.9 MB in 7s (5894 kB/s)
Reading package lists...
[INFO] Applying security and maintenance updates within Ubuntu 24.04...
Reading package lists...
Building dependency tree...
Reading state information...
Calculating upgrade...
The following packages will be upgraded:
  accountsservice code dnsmasq-base gawk google-chrome-stable
  gstreamer1.0-plugins-good krb5-locales libaccountsservice0 libarchive13t64
  libasound2-data libasound2t64 libgphoto2-6t64 libgphoto2-l10n
  libgphoto2-port12t64 libgssapi-krb5-2 libgstreamer-plugins-good1.0-0
  libheif-plugin-aomdec libheif-plugin-aomenc libheif1 libhtml-parser-perl
  libhttp-date-perl libjbig2dec0 libk5crypto3 libkrb5-3 libkrb5support0
  libntfs-3g89t64 libpam-modules libpam-modules-bin libpam-runtime libpam0g
  libpipewire-0.3-0t64 libpipewire-0.3-common libspa-0.2-modules libsqlite3-0
  libxfont2 libxpm4 linux-libc-dev linux-tools-common ntfs-3g python3-httplib2
  python3-idna rsyslog snapd tar ubuntu-pro-client ubuntu-pro-client-l10n vim
  vim-common vim-runtime vim-tiny wget xxd
52 upgraded, 0 newly installed, 0 to remove and 0 not upgraded.
Need to get 435 MB of archives.
After this operation, 203 MB of additional disk space will be used.
Get:1 http://us-east-1.ec2.archive.ubuntu.com/ubuntu noble-updates/main amd64 tar amd64 1.35+dfsg-3ubuntu0.4 [256 kB]
Get:2 http://us-east-1.ec2.archive.ubuntu.com/ubuntu noble-updates/main amd64 libpam0g amd64 1.5.3-5ubuntu5.6 [68.0 kB]
Get:3 http://us-east-1.ec2.archive.ubuntu.com/ubuntu noble-updates/main amd64 libpam-modules-bin amd64 1.5.3-5ubuntu5.6 [51.9 kB]
Get:4 http://us-east-1.ec2.archive.ubuntu.com/ubuntu noble-updates/main amd64 libpam-modules amd64 1.5.3-5ubuntu5.6 [286 kB]
Get:5 http://us-east-1.ec2.archive.ubuntu.com/ubuntu noble-updates/main amd64 ntfs-3g amd64 1:2022.10.3-1.2ubuntu3.2 [406 kB]
Get:6 http://us-east-1.ec2.archive.ubuntu.com/ubuntu noble-updates/main amd64 libntfs-3g89t64 amd64 1:2022.10.3-1.2ubuntu3.2 [160 kB]
Get:7 http://us-east-1.ec2.archive.ubuntu.com/ubuntu noble-updates/main amd64 gawk amd64 1:5.2.1-2ubuntu0.1 [463 kB]
Get:8 https://dl.google.com/linux/chrome-stable/deb stable/main amd64 google-chrome-stable amd64 150.0.7871.186-1 [134 MB]
Get:9 http://us-east-1.ec2.archive.ubuntu.com/ubuntu noble-updates/main amd64 libasound2t64 amd64 1.2.11-1ubuntu0.3 [398 kB]
Get:10 http://us-east-1.ec2.archive.ubuntu.com/ubuntu noble-updates/main amd64 libasound2-data all 1.2.11-1ubuntu0.3 [21.4 kB]
Get:11 http://us-east-1.ec2.archive.ubuntu.com/ubuntu noble-updates/main amd64 wget amd64 1.21.4-1ubuntu4.4 [334 kB]
Get:12 http://us-east-1.ec2.archive.ubuntu.com/ubuntu noble-updates/main amd64 libpam-runtime all 1.5.3-5ubuntu5.6 [40.8 kB]
Get:13 http://us-east-1.ec2.archive.ubuntu.com/ubuntu noble-updates/main amd64 krb5-locales all 1.20.1-6ubuntu2.7 [14.9 kB]
Get:14 http://us-east-1.ec2.archive.ubuntu.com/ubuntu noble-updates/main amd64 libgssapi-krb5-2 amd64 1.20.1-6ubuntu2.7 [143 kB]
Get:15 http://us-east-1.ec2.archive.ubuntu.com/ubuntu noble-updates/main amd64 libkrb5-3 amd64 1.20.1-6ubuntu2.7 [348 kB]
Get:16 http://us-east-1.ec2.archive.ubuntu.com/ubuntu noble-updates/main amd64 libkrb5support0 amd64 1.20.1-6ubuntu2.7 [34.5 kB]
Get:17 http://us-east-1.ec2.archive.ubuntu.com/ubuntu noble-updates/main amd64 libk5crypto3 amd64 1.20.1-6ubuntu2.7 [82.0 kB]
Get:18 http://us-east-1.ec2.archive.ubuntu.com/ubuntu noble-updates/main amd64 libsqlite3-0 amd64 3.45.1-1ubuntu2.7 [701 kB]
Get:19 https://packages.microsoft.com/repos/code stable/main amd64 code amd64 1.130.0-1784734578 [242 MB]
Get:20 http://us-east-1.ec2.archive.ubuntu.com/ubuntu noble-updates/main amd64 rsyslog amd64 8.2312.0-3ubuntu9.3 [511 kB]
Get:21 http://us-east-1.ec2.archive.ubuntu.com/ubuntu noble-updates/main amd64 ubuntu-pro-client-l10n amd64 37.2ubuntu~24.04.1 [19.8 kB]
Get:22 http://us-east-1.ec2.archive.ubuntu.com/ubuntu noble-updates/main amd64 ubuntu-pro-client amd64 37.2ubuntu~24.04.1 [260 kB]
Get:23 http://us-east-1.ec2.archive.ubuntu.com/ubuntu noble-updates/main amd64 vim amd64 2:9.1.0016-1ubuntu7.18 [1884 kB]
Get:24 http://us-east-1.ec2.archive.ubuntu.com/ubuntu noble-updates/main amd64 vim-common all 2:9.1.0016-1ubuntu7.18 [388 kB]
Get:25 http://us-east-1.ec2.archive.ubuntu.com/ubuntu noble-updates/main amd64 vim-tiny amd64 2:9.1.0016-1ubuntu7.18 [806 kB]
Get:26 http://us-east-1.ec2.archive.ubuntu.com/ubuntu noble-updates/main amd64 vim-runtime all 2:9.1.0016-1ubuntu7.18 [7281 kB]
Get:27 http://us-east-1.ec2.archive.ubuntu.com/ubuntu noble-updates/main amd64 xxd amd64 2:9.1.0016-1ubuntu7.18 [65.7 kB]
Get:28 http://us-east-1.ec2.archive.ubuntu.com/ubuntu noble-updates/main amd64 accountsservice amd64 23.13.9-2ubuntu6.1 [71.6 kB]
Get:29 http://us-east-1.ec2.archive.ubuntu.com/ubuntu noble-updates/main amd64 libaccountsservice0 amd64 23.13.9-2ubuntu6.1 [64.0 kB]
Get:30 http://us-east-1.ec2.archive.ubuntu.com/ubuntu noble-updates/main amd64 dnsmasq-base amd64 2.90-2ubuntu0.4 [376 kB]
Get:31 http://us-east-1.ec2.archive.ubuntu.com/ubuntu noble-updates/main amd64 gstreamer1.0-plugins-good amd64 1.24.2-1ubuntu1.5 [2236 kB]
Get:32 http://us-east-1.ec2.archive.ubuntu.com/ubuntu noble-updates/main amd64 libgstreamer-plugins-good1.0-0 amd64 1.24.2-1ubuntu1.5 [33.5 kB]
Get:33 http://us-east-1.ec2.archive.ubuntu.com/ubuntu noble-updates/main amd64 libarchive13t64 amd64 3.7.2-2ubuntu0.8 [383 kB]
Get:34 http://us-east-1.ec2.archive.ubuntu.com/ubuntu noble-updates/main amd64 libgphoto2-port12t64 amd64 2.5.31-2.1ubuntu1.1 [59.2 kB]
Get:35 http://us-east-1.ec2.archive.ubuntu.com/ubuntu noble-updates/main amd64 libgphoto2-6t64 amd64 2.5.31-2.1ubuntu1.1 [735 kB]
Get:36 http://us-east-1.ec2.archive.ubuntu.com/ubuntu noble-updates/main amd64 libgphoto2-l10n all 2.5.31-2.1ubuntu1.1 [15.6 kB]
Get:37 http://us-east-1.ec2.archive.ubuntu.com/ubuntu noble-updates/main amd64 libheif-plugin-aomenc amd64 1.17.6-1ubuntu4.6 [14.7 kB]
Get:38 http://us-east-1.ec2.archive.ubuntu.com/ubuntu noble-updates/main amd64 libheif-plugin-aomdec amd64 1.17.6-1ubuntu4.6 [11.3 kB]
Get:39 http://us-east-1.ec2.archive.ubuntu.com/ubuntu noble-updates/main amd64 libheif1 amd64 1.17.6-1ubuntu4.6 [276 kB]
Get:40 http://us-east-1.ec2.archive.ubuntu.com/ubuntu noble-updates/main amd64 libhtml-parser-perl amd64 3.81-1ubuntu0.1 [86.0 kB]
Get:41 http://us-east-1.ec2.archive.ubuntu.com/ubuntu noble-updates/main amd64 libhttp-date-perl all 6.06-1ubuntu0.24.04.1 [10.6 kB]
Get:42 http://us-east-1.ec2.archive.ubuntu.com/ubuntu noble-updates/main amd64 libjbig2dec0 amd64 0.20-1ubuntu0.24.04.1 [65.2 kB]
Get:43 http://us-east-1.ec2.archive.ubuntu.com/ubuntu noble-updates/main amd64 libpipewire-0.3-0t64 amd64 1.0.5-1ubuntu3.3 [252 kB]
Get:44 http://us-east-1.ec2.archive.ubuntu.com/ubuntu noble-updates/main amd64 libspa-0.2-modules amd64 1.0.5-1ubuntu3.3 [628 kB]
Get:45 http://us-east-1.ec2.archive.ubuntu.com/ubuntu noble-updates/main amd64 libpipewire-0.3-common all 1.0.5-1ubuntu3.3 [19.5 kB]
Get:46 http://us-east-1.ec2.archive.ubuntu.com/ubuntu noble-updates/main amd64 libxfont2 amd64 1:2.0.6-1+deb13u1build0.24.04.2 [94.0 kB]
Get:47 http://us-east-1.ec2.archive.ubuntu.com/ubuntu noble-updates/main amd64 libxpm4 amd64 1:3.5.17-1ubuntu0.24.04.1 [36.7 kB]
Get:48 http://us-east-1.ec2.archive.ubuntu.com/ubuntu noble-updates/main amd64 linux-libc-dev amd64 6.8.0-136.136 [1575 kB]
Get:49 http://us-east-1.ec2.archive.ubuntu.com/ubuntu noble-updates/main amd64 linux-tools-common all 6.8.0-136.136 [416 kB]
Get:50 http://us-east-1.ec2.archive.ubuntu.com/ubuntu noble-updates/main amd64 python3-httplib2 all 0.20.4-3ubuntu0.1 [33.2 kB]
Get:51 http://us-east-1.ec2.archive.ubuntu.com/ubuntu noble-updates/main amd64 python3-idna all 3.6-2ubuntu0.2 [49.7 kB]
Get:52 http://us-east-1.ec2.archive.ubuntu.com/ubuntu noble-updates/main amd64 snapd amd64 2.76+ubuntu24.04.1 [36.4 MB]
Preconfiguring packages ...
Fetched 435 MB in 5s (94.4 MB/s)
(Reading database ...
(Reading database ... 5%
(Reading database ... 10%
(Reading database ... 15%
(Reading database ... 20%
(Reading database ... 25%
(Reading database ... 30%
(Reading database ... 35%
(Reading database ... 40%
(Reading database ... 45%
(Reading database ... 50%
(Reading database ... 55%
(Reading database ... 60%
(Reading database ... 65%
(Reading database ... 70%
(Reading database ... 75%
(Reading database ... 80%
(Reading database ... 85%
(Reading database ... 90%
(Reading database ... 95%
(Reading database ... 100%
(Reading database ... 170133 files and directories currently installed.)
Preparing to unpack .../tar_1.35+dfsg-3ubuntu0.4_amd64.deb ...
Unpacking tar (1.35+dfsg-3ubuntu0.4) over (1.35+dfsg-3ubuntu0.2) ...
Setting up tar (1.35+dfsg-3ubuntu0.4) ...
(Reading database ...
(Reading database ... 5%
(Reading database ... 10%
(Reading database ... 15%
(Reading database ... 20%
(Reading database ... 25%
(Reading database ... 30%
(Reading database ... 35%
(Reading database ... 40%
(Reading database ... 45%
(Reading database ... 50%
(Reading database ... 55%
(Reading database ... 60%
(Reading database ... 65%
(Reading database ... 70%
(Reading database ... 75%
(Reading database ... 80%
(Reading database ... 85%
(Reading database ... 90%
(Reading database ... 95%
(Reading database ... 100%
(Reading database ... 170133 files and directories currently installed.)
Preparing to unpack .../libpam0g_1.5.3-5ubuntu5.6_amd64.deb ...
Unpacking libpam0g:amd64 (1.5.3-5ubuntu5.6) over (1.5.3-5ubuntu5.5) ...
Setting up libpam0g:amd64 (1.5.3-5ubuntu5.6) ...
(Reading database ...
(Reading database ... 5%
(Reading database ... 10%
(Reading database ... 15%
(Reading database ... 20%
(Reading database ... 25%
(Reading database ... 30%
(Reading database ... 35%
(Reading database ... 40%
(Reading database ... 45%
(Reading database ... 50%
(Reading database ... 55%
(Reading database ... 60%
(Reading database ... 65%
(Reading database ... 70%
(Reading database ... 75%
(Reading database ... 80%
(Reading database ... 85%
(Reading database ... 90%
(Reading database ... 95%
(Reading database ... 100%
(Reading database ... 170133 files and directories currently installed.)
Preparing to unpack .../libpam-modules-bin_1.5.3-5ubuntu5.6_amd64.deb ...
Unpacking libpam-modules-bin (1.5.3-5ubuntu5.6) over (1.5.3-5ubuntu5.5) ...
Setting up libpam-modules-bin (1.5.3-5ubuntu5.6) ...
pam_namespace.service is a disabled or a static unit not running, not starting it.
(Reading database ...
(Reading database ... 5%
(Reading database ... 10%
(Reading database ... 15%
(Reading database ... 20%
(Reading database ... 25%
(Reading database ... 30%
(Reading database ... 35%
(Reading database ... 40%
(Reading database ... 45%
(Reading database ... 50%
(Reading database ... 55%
(Reading database ... 60%
(Reading database ... 65%
(Reading database ... 70%
(Reading database ... 75%
(Reading database ... 80%
(Reading database ... 85%
(Reading database ... 90%
(Reading database ... 95%
(Reading database ... 100%
(Reading database ... 170133 files and directories currently installed.)
Preparing to unpack .../libpam-modules_1.5.3-5ubuntu5.6_amd64.deb ...
Unpacking libpam-modules:amd64 (1.5.3-5ubuntu5.6) over (1.5.3-5ubuntu5.5) ...
Setting up libpam-modules:amd64 (1.5.3-5ubuntu5.6) ...
(Reading database ...
(Reading database ... 5%
(Reading database ... 10%
(Reading database ... 15%
(Reading database ... 20%
(Reading database ... 25%
(Reading database ... 30%
(Reading database ... 35%
(Reading database ... 40%
(Reading database ... 45%
(Reading database ... 50%
(Reading database ... 55%
(Reading database ... 60%
(Reading database ... 65%
(Reading database ... 70%
(Reading database ... 75%
(Reading database ... 80%
(Reading database ... 85%
(Reading database ... 90%
(Reading database ... 95%
(Reading database ... 100%
(Reading database ... 170133 files and directories currently installed.)
Preparing to unpack .../0-ntfs-3g_1%3a2022.10.3-1.2ubuntu3.2_amd64.deb ...
Unpacking ntfs-3g (1:2022.10.3-1.2ubuntu3.2) over (1:2022.10.3-1.2ubuntu3.1) ...
Preparing to unpack .../1-libntfs-3g89t64_1%3a2022.10.3-1.2ubuntu3.2_amd64.deb ...
Unpacking libntfs-3g89t64:amd64 (1:2022.10.3-1.2ubuntu3.2) over (1:2022.10.3-1.2ubuntu3.1) ...
Preparing to unpack .../2-gawk_1%3a5.2.1-2ubuntu0.1_amd64.deb ...
Unpacking gawk (1:5.2.1-2ubuntu0.1) over (1:5.2.1-2build3) ...
Preparing to unpack .../3-libasound2t64_1.2.11-1ubuntu0.3_amd64.deb ...
Unpacking libasound2t64:amd64 (1.2.11-1ubuntu0.3) over (1.2.11-1ubuntu0.2) ...
Preparing to unpack .../4-libasound2-data_1.2.11-1ubuntu0.3_all.deb ...
Unpacking libasound2-data (1.2.11-1ubuntu0.3) over (1.2.11-1ubuntu0.2) ...
Preparing to unpack .../5-wget_1.21.4-1ubuntu4.4_amd64.deb ...
Unpacking wget (1.21.4-1ubuntu4.4) over (1.21.4-1ubuntu4.1) ...
Preparing to unpack .../6-google-chrome-stable_150.0.7871.186-1_amd64.deb ...
Unpacking google-chrome-stable (150.0.7871.186-1) over (150.0.7871.114-1) ...
Preparing to unpack .../7-libpam-runtime_1.5.3-5ubuntu5.6_all.deb ...
Unpacking libpam-runtime (1.5.3-5ubuntu5.6) over (1.5.3-5ubuntu5.5) ...
Setting up libpam-runtime (1.5.3-5ubuntu5.6) ...
(Reading database ...
(Reading database ... 5%
(Reading database ... 10%
(Reading database ... 15%
(Reading database ... 20%
(Reading database ... 25%
(Reading database ... 30%
(Reading database ... 35%
(Reading database ... 40%
(Reading database ... 45%
(Reading database ... 50%
(Reading database ... 55%
(Reading database ... 60%
(Reading database ... 65%
(Reading database ... 70%
(Reading database ... 75%
(Reading database ... 80%
(Reading database ... 85%
(Reading database ... 90%
(Reading database ... 95%
(Reading database ... 100%
(Reading database ... 170133 files and directories currently installed.)
Preparing to unpack .../00-krb5-locales_1.20.1-6ubuntu2.7_all.deb ...
Unpacking krb5-locales (1.20.1-6ubuntu2.7) over (1.20.1-6ubuntu2.6) ...
Preparing to unpack .../01-libgssapi-krb5-2_1.20.1-6ubuntu2.7_amd64.deb ...
Unpacking libgssapi-krb5-2:amd64 (1.20.1-6ubuntu2.7) over (1.20.1-6ubuntu2.6) ...
Preparing to unpack .../02-libkrb5-3_1.20.1-6ubuntu2.7_amd64.deb ...
Unpacking libkrb5-3:amd64 (1.20.1-6ubuntu2.7) over (1.20.1-6ubuntu2.6) ...
Preparing to unpack .../03-libkrb5support0_1.20.1-6ubuntu2.7_amd64.deb ...
Unpacking libkrb5support0:amd64 (1.20.1-6ubuntu2.7) over (1.20.1-6ubuntu2.6) ...
Preparing to unpack .../04-libk5crypto3_1.20.1-6ubuntu2.7_amd64.deb ...
Unpacking libk5crypto3:amd64 (1.20.1-6ubuntu2.7) over (1.20.1-6ubuntu2.6) ...
Preparing to unpack .../05-libsqlite3-0_3.45.1-1ubuntu2.7_amd64.deb ...
Unpacking libsqlite3-0:amd64 (3.45.1-1ubuntu2.7) over (3.45.1-1ubuntu2.6) ...
Preparing to unpack .../06-rsyslog_8.2312.0-3ubuntu9.3_amd64.deb ...
Unpacking rsyslog (8.2312.0-3ubuntu9.3) over (8.2312.0-3ubuntu9.2) ...
Preparing to unpack .../07-ubuntu-pro-client-l10n_37.2ubuntu~24.04.1_amd64.deb ...
Unpacking ubuntu-pro-client-l10n (37.2ubuntu~24.04.1) over (37.2ubuntu~24.04) ...
Preparing to unpack .../08-ubuntu-pro-client_37.2ubuntu~24.04.1_amd64.deb ...
Unpacking ubuntu-pro-client (37.2ubuntu~24.04.1) over (37.2ubuntu~24.04) ...
Preparing to unpack .../09-vim_2%3a9.1.0016-1ubuntu7.18_amd64.deb ...
Unpacking vim (2:9.1.0016-1ubuntu7.18) over (2:9.1.0016-1ubuntu7.17) ...
Preparing to unpack .../10-vim-common_2%3a9.1.0016-1ubuntu7.18_all.deb ...
Unpacking vim-common (2:9.1.0016-1ubuntu7.18) over (2:9.1.0016-1ubuntu7.17) ...
Preparing to unpack .../11-vim-tiny_2%3a9.1.0016-1ubuntu7.18_amd64.deb ...
Unpacking vim-tiny (2:9.1.0016-1ubuntu7.18) over (2:9.1.0016-1ubuntu7.17) ...
Preparing to unpack .../12-vim-runtime_2%3a9.1.0016-1ubuntu7.18_all.deb ...
Unpacking vim-runtime (2:9.1.0016-1ubuntu7.18) over (2:9.1.0016-1ubuntu7.17) ...
Preparing to unpack .../13-xxd_2%3a9.1.0016-1ubuntu7.18_amd64.deb ...
Unpacking xxd (2:9.1.0016-1ubuntu7.18) over (2:9.1.0016-1ubuntu7.17) ...
Preparing to unpack .../14-accountsservice_23.13.9-2ubuntu6.1_amd64.deb ...
Unpacking accountsservice (23.13.9-2ubuntu6.1) over (23.13.9-2ubuntu6) ...
Preparing to unpack .../15-libaccountsservice0_23.13.9-2ubuntu6.1_amd64.deb ...
Unpacking libaccountsservice0:amd64 (23.13.9-2ubuntu6.1) over (23.13.9-2ubuntu6) ...
Preparing to unpack .../16-code_1.130.0-1784734578_amd64.deb ...
Unpacking code (1.130.0-1784734578) over (1.128.0-1783465401) ...
Preparing to unpack .../17-dnsmasq-base_2.90-2ubuntu0.4_amd64.deb ...
Unpacking dnsmasq-base (2.90-2ubuntu0.4) over (2.90-2ubuntu0.3) ...
Preparing to unpack .../18-gstreamer1.0-plugins-good_1.24.2-1ubuntu1.5_amd64.deb ...
Unpacking gstreamer1.0-plugins-good:amd64 (1.24.2-1ubuntu1.5) over (1.24.2-1ubuntu1.4) ...
Preparing to unpack .../19-libgstreamer-plugins-good1.0-0_1.24.2-1ubuntu1.5_amd64.deb ...
Unpacking libgstreamer-plugins-good1.0-0:amd64 (1.24.2-1ubuntu1.5) over (1.24.2-1ubuntu1.4) ...
Preparing to unpack .../20-libarchive13t64_3.7.2-2ubuntu0.8_amd64.deb ...
Unpacking libarchive13t64:amd64 (3.7.2-2ubuntu0.8) over (3.7.2-2ubuntu0.7) ...
Preparing to unpack .../21-libgphoto2-port12t64_2.5.31-2.1ubuntu1.1_amd64.deb ...
Unpacking libgphoto2-port12t64:amd64 (2.5.31-2.1ubuntu1.1) over (2.5.31-2.1ubuntu1) ...
Preparing to unpack .../22-libgphoto2-6t64_2.5.31-2.1ubuntu1.1_amd64.deb ...
Adding 'diversion of /lib/udev/hwdb.d/20-libgphoto2-6.hwdb to /lib/udev/hwdb.d/20-libgphoto2-6.hwdb.usr-is-merged by usr-is-merged'
Adding 'diversion of /lib/udev/rules.d/60-libgphoto2-6.rules to /lib/udev/rules.d/60-libgphoto2-6.rules.usr-is-merged by usr-is-merged'
Unpacking libgphoto2-6t64:amd64 (2.5.31-2.1ubuntu1.1) over (2.5.31-2.1ubuntu1) ...
Preparing to unpack .../23-libgphoto2-l10n_2.5.31-2.1ubuntu1.1_all.deb ...
Unpacking libgphoto2-l10n (2.5.31-2.1ubuntu1.1) over (2.5.31-2.1ubuntu1) ...
Preparing to unpack .../24-libheif-plugin-aomenc_1.17.6-1ubuntu4.6_amd64.deb ...
Unpacking libheif-plugin-aomenc:amd64 (1.17.6-1ubuntu4.6) over (1.17.6-1ubuntu4.5) ...
Preparing to unpack .../25-libheif-plugin-aomdec_1.17.6-1ubuntu4.6_amd64.deb ...
Unpacking libheif-plugin-aomdec:amd64 (1.17.6-1ubuntu4.6) over (1.17.6-1ubuntu4.5) ...
Preparing to unpack .../26-libheif1_1.17.6-1ubuntu4.6_amd64.deb ...
Unpacking libheif1:amd64 (1.17.6-1ubuntu4.6) over (1.17.6-1ubuntu4.5) ...
Preparing to unpack .../27-libhtml-parser-perl_3.81-1ubuntu0.1_amd64.deb ...
Unpacking libhtml-parser-perl:amd64 (3.81-1ubuntu0.1) over (3.81-1build3) ...
Preparing to unpack .../28-libhttp-date-perl_6.06-1ubuntu0.24.04.1_all.deb ...
Unpacking libhttp-date-perl (6.06-1ubuntu0.24.04.1) over (6.06-1) ...
Preparing to unpack .../29-libjbig2dec0_0.20-1ubuntu0.24.04.1_amd64.deb ...
Unpacking libjbig2dec0:amd64 (0.20-1ubuntu0.24.04.1) over (0.20-1build3) ...
Preparing to unpack .../30-libpipewire-0.3-0t64_1.0.5-1ubuntu3.3_amd64.deb ...
Unpacking libpipewire-0.3-0t64:amd64 (1.0.5-1ubuntu3.3) over (1.0.5-1ubuntu3.2) ...
Preparing to unpack .../31-libspa-0.2-modules_1.0.5-1ubuntu3.3_amd64.deb ...
Unpacking libspa-0.2-modules:amd64 (1.0.5-1ubuntu3.3) over (1.0.5-1ubuntu3.2) ...
Preparing to unpack .../32-libpipewire-0.3-common_1.0.5-1ubuntu3.3_all.deb ...
Unpacking libpipewire-0.3-common (1.0.5-1ubuntu3.3) over (1.0.5-1ubuntu3.2) ...
Preparing to unpack .../33-libxfont2_1%3a2.0.6-1+deb13u1build0.24.04.2_amd64.deb ...
Unpacking libxfont2:amd64 (1:2.0.6-1+deb13u1build0.24.04.2) over (1:2.0.6-1build1) ...
Preparing to unpack .../34-libxpm4_1%3a3.5.17-1ubuntu0.24.04.1_amd64.deb ...
Unpacking libxpm4:amd64 (1:3.5.17-1ubuntu0.24.04.1) over (1:3.5.17-1build2) ...
Preparing to unpack .../35-linux-libc-dev_6.8.0-136.136_amd64.deb ...
Unpacking linux-libc-dev:amd64 (6.8.0-136.136) over (6.8.0-134.134) ...
Preparing to unpack .../36-linux-tools-common_6.8.0-136.136_all.deb ...
Unpacking linux-tools-common (6.8.0-136.136) over (6.8.0-134.134) ...
Preparing to unpack .../37-python3-httplib2_0.20.4-3ubuntu0.1_all.deb ...
Unpacking python3-httplib2 (0.20.4-3ubuntu0.1) over (0.20.4-3) ...
Preparing to unpack .../38-python3-idna_3.6-2ubuntu0.2_all.deb ...
Unpacking python3-idna (3.6-2ubuntu0.2) over (3.6-2ubuntu0.1) ...
Preparing to unpack .../39-snapd_2.76+ubuntu24.04.1_amd64.deb ...
Unpacking snapd (2.76+ubuntu24.04.1) over (2.75.2+ubuntu24.04) ...
Setting up libpipewire-0.3-common (1.0.5-1ubuntu3.3) ...
Setting up snapd (2.76+ubuntu24.04.1) ...
Installing new version of config file /etc/apparmor.d/usr.lib.snapd.snap-confine.real ...
snapd.failure.service is a disabled or a static unit not running, not starting it.
snapd.gpio-chardev-setup.target is a disabled or a static unit not running, not starting it.
snapd.snap-repair.service is a disabled or a static unit not running, not starting it.
Setting up libhttp-date-perl (6.06-1ubuntu0.24.04.1) ...
Setting up libxpm4:amd64 (1:3.5.17-1ubuntu0.24.04.1) ...
Setting up wget (1.21.4-1ubuntu4.4) ...
Setting up libntfs-3g89t64:amd64 (1:2022.10.3-1.2ubuntu3.2) ...
Setting up gawk (1:5.2.1-2ubuntu0.1) ...
Setting up libsqlite3-0:amd64 (3.45.1-1ubuntu2.7) ...
Setting up rsyslog (8.2312.0-3ubuntu9.3) ...
info: The user `syslog' is already a member of `adm'.
Setting up linux-libc-dev:amd64 (6.8.0-136.136) ...
Setting up krb5-locales (1.20.1-6ubuntu2.7) ...
Setting up dnsmasq-base (2.90-2ubuntu0.4) ...
Setting up libgphoto2-l10n (2.5.31-2.1ubuntu1.1) ...
Setting up xxd (2:9.1.0016-1ubuntu7.18) ...
Setting up ntfs-3g (1:2022.10.3-1.2ubuntu3.2) ...
Setting up libkrb5support0:amd64 (1.20.1-6ubuntu2.7) ...
Setting up libasound2-data (1.2.11-1ubuntu0.3) ...
Setting up libgstreamer-plugins-good1.0-0:amd64 (1.24.2-1ubuntu1.5) ...
Setting up vim-common (2:9.1.0016-1ubuntu7.18) ...
Setting up libasound2t64:amd64 (1.2.11-1ubuntu0.3) ...
Setting up libspa-0.2-modules:amd64 (1.0.5-1ubuntu3.3) ...
Setting up libjbig2dec0:amd64 (0.20-1ubuntu0.24.04.1) ...
Setting up python3-idna (3.6-2ubuntu0.2) ...
Setting up libk5crypto3:amd64 (1.20.1-6ubuntu2.7) ...
Setting up libhtml-parser-perl:amd64 (3.81-1ubuntu0.1) ...
Setting up python3-httplib2 (0.20.4-3ubuntu0.1) ...
Setting up libkrb5-3:amd64 (1.20.1-6ubuntu2.7) ...
Setting up libgphoto2-port12t64:amd64 (2.5.31-2.1ubuntu1.1) ...
Setting up libaccountsservice0:amd64 (23.13.9-2ubuntu6.1) ...
Setting up vim-runtime (2:9.1.0016-1ubuntu7.18) ...
Setting up linux-tools-common (6.8.0-136.136) ...
Setting up libarchive13t64:amd64 (3.7.2-2ubuntu0.8) ...
Setting up libxfont2:amd64 (1:2.0.6-1+deb13u1build0.24.04.2) ...
Setting up libpipewire-0.3-0t64:amd64 (1.0.5-1ubuntu3.3) ...
Setting up ubuntu-pro-client (37.2ubuntu~24.04.1) ...
Setting up accountsservice (23.13.9-2ubuntu6.1) ...
Setting up ubuntu-pro-client-l10n (37.2ubuntu~24.04.1) ...
Setting up code (1.130.0-1784734578) ...
Setting up google-chrome-stable (150.0.7871.186-1) ...
Setting up vim (2:9.1.0016-1ubuntu7.18) ...
Setting up gstreamer1.0-plugins-good:amd64 (1.24.2-1ubuntu1.5) ...
Setting up vim-tiny (2:9.1.0016-1ubuntu7.18) ...
Setting up libgphoto2-6t64:amd64 (2.5.31-2.1ubuntu1.1) ...
Removing 'diversion of /lib/udev/hwdb.d/20-libgphoto2-6.hwdb to /lib/udev/hwdb.d/20-libgphoto2-6.hwdb.usr-is-merged by usr-is-merged'
Removing 'diversion of /lib/udev/rules.d/60-libgphoto2-6.rules to /lib/udev/rules.d/60-libgphoto2-6.rules.usr-is-merged by usr-is-merged'
Setting up libgssapi-krb5-2:amd64 (1.20.1-6ubuntu2.7) ...
Setting up libheif-plugin-aomdec:amd64 (1.17.6-1ubuntu4.6) ...
Setting up libheif1:amd64 (1.17.6-1ubuntu4.6) ...
Setting up libheif-plugin-aomenc:amd64 (1.17.6-1ubuntu4.6) ...
Processing triggers for libc-bin (2.39-0ubuntu8.7) ...
Processing triggers for man-db (2.12.0-4build2) ...
Processing triggers for dbus (1.14.10-4ubuntu4.1) ...
Processing triggers for shared-mime-info (2.4-4) ...
Processing triggers for udev (255.4-1ubuntu8.16) ...
Processing triggers for install-info (7.1-3build2) ...
Processing triggers for bamfdaemon (0.5.6+22.04.20220217-0ubuntu5) ...
Rebuilding /usr/share/applications/bamf-2.index...
Processing triggers for desktop-file-utils (0.27-2build1) ...
Processing triggers for initramfs-tools (0.142ubuntu25.8) ...
update-initramfs: Generating /boot/initrd.img-6.17.0-1019-aws
Processing triggers for hicolor-icon-theme (0.17-2) ...
Processing triggers for gnome-menus (3.36.0-1.1ubuntu3) ...
[INFO] Installing or repairing manifest-declared system packages...
Reading package lists...
Building dependency tree...
Reading state information...
ca-certificates is already the newest version (20260601~24.04.1).
ca-certificates set to manually installed.
code is already the newest version (1.130.0-1784734578).
curl is already the newest version (8.5.0-2ubuntu10.11).
curl set to manually installed.
desktop-file-utils is already the newest version (0.27-2build1).
desktop-file-utils set to manually installed.
direnv is already the newest version (2.32.1-2ubuntu0.24.04.3).
gh is already the newest version (2.96.0).
git is already the newest version (1:2.43.0-1ubuntu7.3).
gpg is already the newest version (2.4.4-2ubuntu17.4).
libsecret-1-0 is already the newest version (0.21.4-1build3).
libsecret-1-0 set to manually installed.
python3.12 is already the newest version (3.12.3-1ubuntu0.15).
python3.12 set to manually installed.
python3.12-venv is already the newest version (3.12.3-1ubuntu0.15).
python3.12-venv set to manually installed.
tree is already the newest version (2.1.1-2ubuntu3.24.04.2).
xdg-utils is already the newest version (1.1.3-4.1ubuntu3).
xdg-utils set to manually installed.
The following NEW packages will be installed:
  numlockx xclip
0 upgraded, 2 newly installed, 0 to remove and 0 not upgraded.
Need to get 25.3 kB of archives.
After this operation, 91.1 kB of additional disk space will be used.
Get:1 http://us-east-1.ec2.archive.ubuntu.com/ubuntu noble/universe amd64 numlockx amd64 1.2-9build1 [7732 B]
Get:2 http://us-east-1.ec2.archive.ubuntu.com/ubuntu noble/universe amd64 xclip amd64 0.13-3 [17.6 kB]
Fetched 25.3 kB in 0s (1361 kB/s)
Selecting previously unselected package numlockx.
(Reading database ...
(Reading database ... 5%
(Reading database ... 10%
(Reading database ... 15%
(Reading database ... 20%
(Reading database ... 25%
(Reading database ... 30%
(Reading database ... 35%
(Reading database ... 40%
(Reading database ... 45%
(Reading database ... 50%
(Reading database ... 55%
(Reading database ... 60%
(Reading database ... 65%
(Reading database ... 70%
(Reading database ... 75%
(Reading database ... 80%
(Reading database ... 85%
(Reading database ... 90%
(Reading database ... 95%
(Reading database ... 100%
(Reading database ... 165015 files and directories currently installed.)
Preparing to unpack .../numlockx_1.2-9build1_amd64.deb ...
Unpacking numlockx (1.2-9build1) ...
Selecting previously unselected package xclip.
Preparing to unpack .../xclip_0.13-3_amd64.deb ...
Unpacking xclip (0.13-3) ...
Setting up numlockx (1.2-9build1) ...
Setting up xclip (0.13-3) ...
Processing triggers for man-db (2.12.0-4build2) ...
[SUCCESS] Required system software is current.

============================================================
Step 3: Update Required User Tools and IDE Extensions
============================================================
[NOTICE] Creating the course virtual environment before configuration.
Requirement already satisfied: pip in ./it140/.venv/lib/python3.12/site-packages (24.0)
Collecting pip
  Downloading pip-26.1.2-py3-none-any.whl.metadata (4.6 kB)
Downloading pip-26.1.2-py3-none-any.whl (1.8 MB)
   \u2501\u2501\u2501\u2501\u2501\u2501\u2501\u2501\u2501\u2501\u2501\u2501\u2501\u2501\u2501\u2501\u2501\u2501\u2501\u2501\u2501\u2501\u2501\u2501\u2501\u2501\u2501\u2501\u2501\u2501\u2501\u2501\u2501\u2501\u2501\u2501\u2501\u2501\u2501\u2501 1.8/1.8 MB 34.0 MB/s eta 0:00:00
Installing collected packages: pip
  Attempting uninstall: pip
    Found existing installation: pip 24.0
    Uninstalling pip-24.0:
      Successfully uninstalled pip-24.0
Successfully installed pip-26.1.2
Collecting pytest
  Using cached pytest-9.1.1-py3-none-any.whl.metadata (7.6 kB)
Collecting pytest-cov
  Using cached pytest_cov-7.1.0-py3-none-any.whl.metadata (32 kB)
Collecting ruff
  Downloading ruff-0.16.0-py3-none-manylinux_2_17_x86_64.manylinux2014_x86_64.whl.metadata (26 kB)
Collecting iniconfig>=1.0.1 (from pytest)
  Using cached iniconfig-2.3.0-py3-none-any.whl.metadata (2.5 kB)
Collecting packaging>=22 (from pytest)
  Downloading packaging-26.2-py3-none-any.whl.metadata (3.5 kB)
Collecting pluggy<2,>=1.5 (from pytest)
  Using cached pluggy-1.6.0-py3-none-any.whl.metadata (4.8 kB)
Collecting pygments>=2.7.2 (from pytest)
  Downloading pygments-2.20.0-py3-none-any.whl.metadata (2.5 kB)
Collecting coverage>=7.10.6 (from coverage[toml]>=7.10.6->pytest-cov)
  Downloading coverage-7.15.2-cp312-cp312-manylinux1_x86_64.manylinux_2_28_x86_64.manylinux_2_5_x86_64.whl.metadata (8.6 kB)
Using cached pytest-9.1.1-py3-none-any.whl (386 kB)
Using cached pluggy-1.6.0-py3-none-any.whl (20 kB)
Using cached pytest_cov-7.1.0-py3-none-any.whl (22 kB)
Downloading ruff-0.16.0-py3-none-manylinux_2_17_x86_64.manylinux2014_x86_64.whl (11.4 MB)
   \u2501\u2501\u2501\u2501\u2501\u2501\u2501\u2501\u2501\u2501\u2501\u2501\u2501\u2501\u2501\u2501\u2501\u2501\u2501\u2501\u2501\u2501\u2501\u2501\u2501\u2501\u2501\u2501\u2501\u2501\u2501\u2501\u2501\u2501\u2501\u2501\u2501\u2501\u2501\u2501 11.4/11.4 MB 145.7 MB/s  0:00:00
Downloading coverage-7.15.2-cp312-cp312-manylinux1_x86_64.manylinux_2_28_x86_64.manylinux_2_5_x86_64.whl (256 kB)
Using cached iniconfig-2.3.0-py3-none-any.whl (7.5 kB)
Downloading packaging-26.2-py3-none-any.whl (100 kB)
Downloading pygments-2.20.0-py3-none-any.whl (1.2 MB)
   \u2501\u2501\u2501\u2501\u2501\u2501\u2501\u2501\u2501\u2501\u2501\u2501\u2501\u2501\u2501\u2501\u2501\u2501\u2501\u2501\u2501\u2501\u2501\u2501\u2501\u2501\u2501\u2501\u2501\u2501\u2501\u2501\u2501\u2501\u2501\u2501\u2501\u2501\u2501\u2501 1.2/1.2 MB 76.1 MB/s  0:00:00
Installing collected packages: ruff, pygments, pluggy, packaging, iniconfig, coverage, pytest, pytest-cov

Successfully installed coverage-7.15.2 iniconfig-2.3.0 packaging-26.2 pluggy-1.6.0 pygments-2.20.0 pytest-9.1.1 pytest-cov-7.1.0 ruff-0.16.0
[SUCCESS] Required course Python tools are current.
Updating extensions: cweijan.vscode-office, ms-python.vscode-pylance, charliermarsh.ruff
Extension 'charliermarsh.ruff' v2026.66.0 was successfully updated.
Extension 'cweijan.vscode-office' v4.1.7 was successfully updated.
Extension 'ms-python.vscode-pylance' v2026.3.1 was successfully updated.
[SUCCESS] Installed IDE extensions were updated without removing optional extensions.
Installing extensions...
Extension 'ms-python.python' is already installed.
[SUCCESS] Required extension is installed and current: ms-python.python
Installing extensions...
Extension 'charliermarsh.ruff' is already installed.
[SUCCESS] Required extension is installed and current: charliermarsh.ruff
Installing extensions...
Extension 'hediet.vscode-drawio' is already installed.
[SUCCESS] Required extension is installed and current: hediet.vscode-drawio
Installing extensions...
Extension 'i2p-hub.i2p-pseudo' is already installed.
[SUCCESS] Required extension is installed and current: i2p-hub.i2p-pseudo
Installing extensions...
Extension 'streetsidesoftware.code-spell-checker' is already installed.
[SUCCESS] Required extension is installed and current: streetsidesoftware.code-spell-checker
Installing extensions...
Extension 'cweijan.vscode-office' is already installed.
[SUCCESS] Required extension is installed and current: cweijan.vscode-office

============================================================
Step 4: Refresh Course-Managed Desktop Integrations
============================================================
[NOTICE] The panel launcher will be added by config_cvd.sh.
[SUCCESS] VS Code desktop and panel launcher files were refreshed.

============================================================
Step 5: Safe Cleanup
============================================================
[INFO] The manifest declares no obsolete CVD components for removal.
Reading package lists...
Building dependency tree...
Reading state information...
0 upgraded, 0 newly installed, 0 to remove and 0 not upgraded.
Reading package lists...
Building dependency tree...
Reading state information...
Reading package lists...
Building dependency tree...
Reading state information...
[SUCCESS] Safe package cleanup and dependency checks completed.

============================================================
Step 6: Post-Update Validation
============================================================
[SUCCESS] Required commands, packages, tools, extensions, and assets passed validation.
[NOTICE] Ubuntu does not currently require a virtual-machine restart.
[NOTICE] Close this terminal and open a new Terminal before continuing.

============================================================
UPDATE SUMMARY
============================================================
Result          : PASS
Workflow        : First use or RESET VM
Script version  : 2026.07.26.2
Manifest release: 2026.07.25.2
Warnings        : 0
Failures        : 0
Restart VM      : No
Elapsed time    : 181 seconds
Next step       : Close this terminal, open a new Terminal, and run config_cvd.sh.
Log file        : /home/ubuntu/it140/logs/update_cvd_20260726_132958.log
Exit code       : 0
[SUCCESS] The IT 140 CVD update completed successfully.
