
============================================================
IT 140 CODIO VIRTUAL DESKTOP VERIFICATION
============================================================
[INFO] Script version: 2026.07.26.1
[INFO] Current user  : ubuntu
[INFO] Purpose       : Inspect the system and user layers without changing them.
[INFO] Log file      : /home/ubuntu/it140/logs/verify_cvd_20260726_141925.log
[NOTICE] Verify never requests administrative privilege or repairs a failed check.
[PASS] [verify.user_context] Verify is running as the standard user ubuntu.
[PASS] [verify.os_release] Ubuntu 24.04 LTS is detected.
[PASS] [verify.architecture] The x86_64 architecture is detected.
[PASS] [verify.desktop] The Xfce desktop interface is available.
[PASS] [verify.manifest] Manifest release 2026.07.25.2 is valid.

============================================================
Environment Checks
============================================================
[PASS] [verify.disk_space] 21 GB is available.
[PASS] [verify.network] The approved source-code hosting service is reachable.

============================================================
System-Layer Checks
============================================================
[PASS] [verify.package.ca-certificates] Required operating-system package is installed: ca-certificates
[PASS] [verify.package.curl] Required operating-system package is installed: curl
[PASS] [verify.package.gpg] Required operating-system package is installed: gpg
[PASS] [verify.package.python3.12-venv] Required operating-system package is installed: python3.12-venv
[PASS] [verify.package.xdg-utils] Required operating-system package is installed: xdg-utils
[PASS] [verify.package.desktop-file-utils] Required operating-system package is installed: desktop-file-utils
[PASS] [verify.package.libsecret-1-0] Required operating-system package is installed: libsecret-1-0
[PASS] [verify.package.direnv] Required operating-system package is installed: direnv
[PASS] [verify.package.tree] Required operating-system package is installed: tree
[PASS] [verify.package.xclip] Required operating-system package is installed: xclip
[PASS] [verify.package.numlockx] Required operating-system package is installed: numlockx
[PASS] [verify.capability.version_control_system] Required system capability is available: git version 2.43.0
[PASS] [verify.capability.source_hosting_client] Required system capability is available: gh version 2.96.0 (2026-07-02)
[PASS] [verify.capability.programming_language_runtime] Required system capability is available: Python 3.12.3
[PASS] [verify.capability.source_code_ide] Required system capability is available: 1.130.0
[PASS] [verify.system.chrome_policy] The course browser bookmark policy is valid.
[FAIL] [verify.system.numlock] The CVD Num Lock session policy is missing.

============================================================
User-Layer Checks
============================================================
[PASS] [verify.course_folders] The course root and log folder are present.
[PASS] [verify.user_path_files] The exact managed course PATH block is present in ~/.profile and ~/.bashrc.
[PASS] [verify.current_path] The current Terminal session includes the course Python and script folders.
[PASS] [verify.virtual_environment] The course Python virtual environment is usable.
[PASS] [verify.user_tool.pytest] Required course Python tool is installed: pytest
[PASS] [verify.user_tool.pytest-cov] Required course Python tool is installed: pytest-cov
[PASS] [verify.user_tool.ruff] Required course Python tool is installed: ruff
[PASS] [verify.extension.language_support] Required IDE extension is installed: ms-python.python
[PASS] [verify.extension.code_quality_tool] Required IDE extension is installed: charliermarsh.ruff
[PASS] [verify.extension.diagram_support] Required IDE extension is installed: hediet.vscode-drawio
[PASS] [verify.extension.pseudocode_support] Required IDE extension is installed: i2p-hub.i2p-pseudo
[PASS] [verify.extension.spell_checker] Required IDE extension is installed: streetsidesoftware.code-spell-checker
[PASS] [verify.extension.file_viewer] Required IDE extension is installed: cweijan.vscode-office
[PASS] [verify.provider_authentication] Source-code hosting authentication is valid.
[PASS] [verify.git_display_name] A Git display name is configured.
[PASS] [verify.git_private_identity] Git uses the provider-approved private noreply identity.
[PASS] [verify.git_setting.init.defaultBranch] Managed Git setting is correct: init.defaultBranch
[PASS] [verify.git_setting.core.autocrlf] Managed Git setting is correct: core.autocrlf
[PASS] [verify.git_setting.push.autoSetupRemote] Managed Git setting is correct: push.autoSetupRemote
[PASS] [verify.git_setting.core.editor] Managed Git setting is correct: core.editor
[PASS] [verify.ide_settings] Required IDE settings are present and valid.
[PASS] [verify.desktop_launchers] The course folder and IDE desktop launchers are present.
[PASS] [verify.panel_launcher] The managed VS Code panel-launcher record and launcher file are present.
[PASS] [verify.script_permissions.configure_cvd.sh] configure_cvd.sh is present and executable.
[PASS] [verify.script_permissions.verify_cvd.sh] verify_cvd.sh is present and executable.
[PASS] [verify.script_permissions.update_cvd.sh] update_cvd.sh is present and executable.

============================================================
Managed-Asset Checks
============================================================
[PASS] [verify.asset.course_manifest] Managed asset is present: /home/ubuntu/it140/scripts/.manifest/it140_manifest.json
[PASS] [verify.asset.manifest_schema] Managed asset is present: /home/ubuntu/it140/scripts/.manifest/it140_manifest.schema.json

============================================================
VERIFICATION SUMMARY
============================================================
Result          : FAIL
Course readiness: ACTION REQUIRED
Passes          : 51
Warnings        : 0
Failures        : 1
Not applicable  : 0
Script version  : 2026.07.26.1
Manifest release: 2026.07.25.2
Elapsed time    : 3 seconds
Next step       : Complete the recommended action below, then rerun verify_cvd.sh.
Log file        : /home/ubuntu/it140/logs/verify_cvd_20260726_141925.log
Exit code       : 1

Recommended action:
  - Run update_cvd.sh. If the same check still fails, contact course support.
[ERROR] The IT 140 CVD is not ready for course work.
